 sim_feedback_lin_sfun

 Timestamp is 5a4bc3f0 (Tue Jan 02 12:40:00 2018)

 Preferred load address is 0000000180000000

 Start         Length     Name                   Class
 0001:00000000 0000e272H .text$mn                CODE
 0001:0000e280 0000007bH .text$x                 CODE
 0002:00000000 00000468H .idata$5                DATA
 0002:00000468 00000008H .CRT$XCA                DATA
 0002:00000470 00000008H .CRT$XCZ                DATA
 0002:00000478 00000008H .CRT$XIA                DATA
 0002:00000480 00000008H .CRT$XIAA               DATA
 0002:00000488 00000008H .CRT$XIC                DATA
 0002:00000490 00000008H .CRT$XIZ                DATA
 0002:000004a0 000006f0H .rdata                  DATA
 0002:00000b90 00000008H .rtc$IAA                DATA
 0002:00000b98 00000008H .rtc$IZZ                DATA
 0002:00000ba0 00000008H .rtc$TAA                DATA
 0002:00000ba8 00000008H .rtc$TZZ                DATA
 0002:00000bb0 000007acH .xdata                  DATA
 0002:00001360 0000005bH .edata                  DATA
 0002:000013bc 0000008cH .idata$2                DATA
 0002:00001448 00000014H .idata$3                DATA
 0002:00001460 00000468H .idata$4                DATA
 0002:000018c8 00000c7cH .idata$6                DATA
 0003:00000000 00001e48H .data                   DATA
 0003:00001e50 000006b8H .bss                    DATA
 0004:00000000 00000930H .pdata                  DATA

  Address         Publics by Value              Rva+Base               Lib:Object

 0000:00000000       ___safe_se_handler_table   0000000000000000     <absolute>
 0000:00000000       __guard_fids_table         0000000000000000     <absolute>
 0000:00000000       ___safe_se_handler_count   0000000000000000     <absolute>
 0000:00000000       __guard_fids_count         0000000000000000     <absolute>
 0000:00000000       __guard_flags              0000000000000000     <absolute>
 0000:00000000       __ImageBase                0000000180000000     <linker-defined>
 0001:00000000       sim_feedback_lin_initializer 0000000180001000 f   sim_feedback_lin_sfun.obj
 0001:00000010       sim_feedback_lin_terminator 0000000180001010 f   sim_feedback_lin_sfun.obj
 0001:00000020       load_sim_feedback_lin_optimization_info 0000000180001020 f   sim_feedback_lin_sfun.obj
 0001:00000070       unload_sim_feedback_lin_optimization_info 0000000180001070 f   sim_feedback_lin_sfun.obj
 0001:000000a0       sf_sim_feedback_lin_method_dispatcher 00000001800010a0 f   sim_feedback_lin_sfun.obj
 0001:000000f0       sf_sim_feedback_lin_uses_exported_functions 00000001800010f0 f   sim_feedback_lin_sfun.obj
 0001:00000130       sf_sim_feedback_lin_process_check_sum_call 0000000180001130 f   sim_feedback_lin_sfun.obj
 0001:000006e0       sf_sim_feedback_lin_autoinheritance_info 00000001800016e0 f   sim_feedback_lin_sfun.obj
 0001:000008c0       sf_sim_feedback_lin_get_eml_resolved_functions_info 00000001800018c0 f   sim_feedback_lin_sfun.obj
 0001:00000a40       sf_sim_feedback_lin_third_party_uses_info 0000000180001a40 f   sim_feedback_lin_sfun.obj
 0001:00000c10       sf_sim_feedback_lin_jit_fallback_info 0000000180001c10 f   sim_feedback_lin_sfun.obj
 0001:00000de0       sf_sim_feedback_lin_updateBuildInfo_args_info 0000000180001de0 f   sim_feedback_lin_sfun.obj
 0001:00000fb0       sf_sim_feedback_lin_get_post_codegen_info 0000000180001fb0 f   sim_feedback_lin_sfun.obj
 0001:000010d0       sim_feedback_lin_debug_initialize 00000001800020d0 f   sim_feedback_lin_sfun.obj
 0001:00001150       sim_feedback_lin_register_exported_symbols 0000000180002150 f   sim_feedback_lin_sfun.obj
 0001:00001160       sf_c1_sim_feedback_lin_get_eml_resolved_functions_info 0000000180002160 f   c1_sim_feedback_lin.obj
 0001:000011d0       sf_c1_sim_feedback_lin_get_check_sum 00000001800021d0 f   c1_sim_feedback_lin.obj
 0001:000012a0       c1_sim_feedback_lin_method_dispatcher 00000001800022a0 f   c1_sim_feedback_lin.obj
 0001:00004650       sf_c1_sim_feedback_lin_get_post_codegen_info 0000000180005650 f   c1_sim_feedback_lin.obj
 0001:00004720       sf_c1_sim_feedback_lin_get_autoinheritance_info 0000000180005720 f   c1_sim_feedback_lin.obj
 0001:00004d60       sf_c1_sim_feedback_lin_third_party_uses_info 0000000180005d60 f   c1_sim_feedback_lin.obj
 0001:00004d90       sf_c1_sim_feedback_lin_jit_fallback_info 0000000180005d90 f   c1_sim_feedback_lin.obj
 0001:00004f20       sf_c1_sim_feedback_lin_updateBuildInfo_args_info 0000000180005f20 f   c1_sim_feedback_lin.obj
 0001:00005b30       mexFunction                0000000180006b30 f   sim_feedback_lin_sfun_registry.obj
 0001:00006f00       _ssSetInputPortDirectFeedThroughFcn 0000000180007f00 f   sim_feedback_lin_sfun_registry.obj
 0001:00007060       _ssGetInputPortSignalPtrsFcn 0000000180008060 f   sim_feedback_lin_sfun_registry.obj
 0001:00007280       _ssGetInputPortSignalFcn   0000000180008280 f   sim_feedback_lin_sfun_registry.obj
 0001:000074a0       _ssSetInputPortReusableFcn 00000001800084a0 f   sim_feedback_lin_sfun_registry.obj
 0001:00007580       _ssSetOutputPortReusableFcn 0000000180008580 f   sim_feedback_lin_sfun_registry.obj
 0001:00007660       _ssSetSymbolicDimsSupport  0000000180008660 f   sim_feedback_lin_sfun_registry.obj
 0001:000076d0       _ssRegisterSymbolicDimsExpr 00000001800086d0 f   sim_feedback_lin_sfun_registry.obj
 0001:00007750       _ssRegisterSymbolicDims    0000000180008750 f   sim_feedback_lin_sfun_registry.obj
 0001:000077f0       _ssRegisterSymbolicDimsString 00000001800087f0 f   sim_feedback_lin_sfun_registry.obj
 0001:00007870       _ssRegisterSymbolicDimsIntValue 0000000180008870 f   sim_feedback_lin_sfun_registry.obj
 0001:000078e0       _ssRegisterSymbolicDimsPlus 00000001800088e0 f   sim_feedback_lin_sfun_registry.obj
 0001:00007960       _ssRegisterSymbolicDimsMinus 0000000180008960 f   sim_feedback_lin_sfun_registry.obj
 0001:000079e0       _ssRegisterSymbolicDimsMultiply 00000001800089e0 f   sim_feedback_lin_sfun_registry.obj
 0001:00007a60       _ssRegisterSymbolicDimsDivide 0000000180008a60 f   sim_feedback_lin_sfun_registry.obj
 0001:00007ae0       _ssGetNumSymbolicDims      0000000180008ae0 f   sim_feedback_lin_sfun_registry.obj
 0001:00007b50       _ssGetSymbolicDim          0000000180008b50 f   sim_feedback_lin_sfun_registry.obj
 0001:00007bd0       _ssSetInputPortSymbolicDimsId 0000000180008bd0 f   sim_feedback_lin_sfun_registry.obj
 0001:00007c40       _ssGetCompInputPortSymbolicDimsId 0000000180008c40 f   sim_feedback_lin_sfun_registry.obj
 0001:00007cb0       _ssSetCompInputPortSymbolicDimsId 0000000180008cb0 f   sim_feedback_lin_sfun_registry.obj
 0001:00007d20       _ssSetOutputPortSymbolicDimsId 0000000180008d20 f   sim_feedback_lin_sfun_registry.obj
 0001:00007d90       _ssGetCompOutputPortSymbolicDimsId 0000000180008d90 f   sim_feedback_lin_sfun_registry.obj
 0001:00007e00       _ssSetCompOutputPortSymbolicDimsId 0000000180008e00 f   sim_feedback_lin_sfun_registry.obj
 0001:00007e70       _ssSetCompDWorkSymbolicDimsId 0000000180008e70 f   sim_feedback_lin_sfun_registry.obj
 0001:00007ee0       ssGetIsZeroCrossControlDisabled 0000000180008ee0 f   sim_feedback_lin_sfun_registry.obj
 0001:00007f50       ssSetIsInputPortUsedForContZcSignal 0000000180008f50 f   sim_feedback_lin_sfun_registry.obj
 0001:00007fc0       ssSetZcSignalIsZcElementDisc 0000000180008fc0 f   sim_feedback_lin_sfun_registry.obj
 0001:00008070       ssSetZcSignalName          0000000180009070 f   sim_feedback_lin_sfun_registry.obj
 0001:000080e0       ssSetZcSignalWidth         00000001800090e0 f   sim_feedback_lin_sfun_registry.obj
 0001:00008150       ssSetZcSignalZcEventType   0000000180009150 f   sim_feedback_lin_sfun_registry.obj
 0001:000081c0       ssSetZcSignalType          00000001800091c0 f   sim_feedback_lin_sfun_registry.obj
 0001:00008230       ssSetZcSignalZcTol         0000000180009230 f   sim_feedback_lin_sfun_registry.obj
 0001:000082a0       ssSetZcSignalNeedsEventNotification 00000001800092a0 f   sim_feedback_lin_sfun_registry.obj
 0001:00008310       ssCreateAndAddZcSignalInfo 0000000180009310 f   sim_feedback_lin_sfun_registry.obj
 0001:00008380       ssCloneAndAddZcSignalInfo  0000000180009380 f   sim_feedback_lin_sfun_registry.obj
 0001:000083f0       ssGetNumZcSignals          00000001800093f0 f   sim_feedback_lin_sfun_registry.obj
 0001:00008460       ssGetZcSignalVector        0000000180009460 f   sim_feedback_lin_sfun_registry.obj
 0001:000084d0       ssGetZcSignalName          00000001800094d0 f   sim_feedback_lin_sfun_registry.obj
 0001:00008540       ssGetZcSignalWidth         0000000180009540 f   sim_feedback_lin_sfun_registry.obj
 0001:000085b0       ssGetZcSignalZcEventType   00000001800095b0 f   sim_feedback_lin_sfun_registry.obj
 0001:00008620       ssGetZcSignalZcEvents      0000000180009620 f   sim_feedback_lin_sfun_registry.obj
 0001:00008690       ssGetZcSignalType          0000000180009690 f   sim_feedback_lin_sfun_registry.obj
 0001:00008700       ssGetZcSignalZcTol         0000000180009700 f   sim_feedback_lin_sfun_registry.obj
 0001:00008780       ssGetZcSignalNeedsEventNotification 0000000180009780 f   sim_feedback_lin_sfun_registry.obj
 0001:000087f0       ssGetZcSignalIsZcElementDisc 00000001800097f0 f   sim_feedback_lin_sfun_registry.obj
 0001:00008890       ssGetIsInputPortElementContinuous 0000000180009890 f   sim_feedback_lin_sfun_registry.obj
 0001:00008930       ssGetDTypeIdFromMxArray    0000000180009930 f   sim_feedback_lin_sfun_registry.obj
 0001:00008a50       ssWriteRTWStr              0000000180009a50 f   sim_feedback_lin_sfun_registry.obj
 0001:00008ab0       ssWriteRTWNameValuePair    0000000180009ab0 f   sim_feedback_lin_sfun_registry.obj
 0001:00008fb0       ssWriteRTWParamSettings    0000000180009fb0 f   sim_feedback_lin_sfun_registry.obj
 0001:000096a0       ssWriteRTWParameters       000000018000a6a0 f   sim_feedback_lin_sfun_registry.obj
 0001:00009c70       ssWriteRTWWorkVect         000000018000ac70 f   sim_feedback_lin_sfun_registry.obj
 0001:0000a160       ssWriteRTWMxVectParam      000000018000b160 f   sim_feedback_lin_sfun_registry.obj
 0001:0000a1e0       ssWriteRTWMx2dMatParam     000000018000b1e0 f   sim_feedback_lin_sfun_registry.obj
 0001:0000a270       _ssSetInputPortMatrixDimensions 000000018000b270 f   sim_feedback_lin_sfun_registry.obj
 0001:0000a370       _ssSetOutputPortMatrixDimensions 000000018000b370 f   sim_feedback_lin_sfun_registry.obj
 0001:0000a470       _ssSetInputPortVectorDimension 000000018000b470 f   sim_feedback_lin_sfun_registry.obj
 0001:0000a520       _ssSetOutputPortVectorDimension 000000018000b520 f   sim_feedback_lin_sfun_registry.obj
 0001:0000a5d0       ssIsRunTimeParamTunable    000000018000b5d0 f   sim_feedback_lin_sfun_registry.obj
 0001:0000a640       ssGetSFuncBlockHandle      000000018000b640 f   sim_feedback_lin_sfun_registry.obj
 0001:0000a6b0       _ssGetCurrentInputPortWidth 000000018000b6b0 f   sim_feedback_lin_sfun_registry.obj
 0001:0000a7d0       _ssGetCurrentOutputPortWidth 000000018000b7d0 f   sim_feedback_lin_sfun_registry.obj
 0001:0000a8f0       _ssGetCallSystemNumFcnCallDestinations 000000018000b8f0 f   sim_feedback_lin_sfun_registry.obj
 0001:0000a960       ssWarning                  000000018000b960 f   sim_feedback_lin_sfun_registry.obj
 0001:0000aa50       _ssGetAbsTol               000000018000ba50 f   sim_feedback_lin_sfun_registry.obj
 0001:0000aac0       _ssSetStateAbsTol          000000018000bac0 f   sim_feedback_lin_sfun_registry.obj
 0001:0000aba0       sf_process_check_sum_call  000000018000bba0 f   sim_feedback_lin_sfun_registry.obj
 0001:0000abf0       sf_process_machine_uses_exported_functions_call 000000018000bbf0 f   sim_feedback_lin_sfun_registry.obj
 0001:0000ada0       sf_process_autoinheritance_call 000000018000bda0 f   sim_feedback_lin_sfun_registry.obj
 0001:0000afd0       sf_process_get_third_party_uses_info_call 000000018000bfd0 f   sim_feedback_lin_sfun_registry.obj
 0001:0000b200       sf_process_get_jit_fallback_info_call 000000018000c200 f   sim_feedback_lin_sfun_registry.obj
 0001:0000b430       sf_process_get_updateBuildInfo_args_info_call 000000018000c430 f   sim_feedback_lin_sfun_registry.obj
 0001:0000b660       sf_process_get_eml_resolved_functions_info_call 000000018000c660 f   sim_feedback_lin_sfun_registry.obj
 0001:0000b860       sf_process_get_post_codegen_info 000000018000c860 f   sim_feedback_lin_sfun_registry.obj
 0001:0000ba10       sf_mex_unlock_call         000000018000ca10 f   sim_feedback_lin_sfun_registry.obj
 0001:0000bcf0       sf_machine_global_initializer_called 000000018000ccf0 f   sim_feedback_lin_sfun_registry.obj
 0001:0000bd20       sf_machine_global_method_dispatcher 000000018000cd20 f   sim_feedback_lin_sfun_registry.obj
 0001:0000bd80       sf_machine_global_terminator 000000018000cd80 f   sim_feedback_lin_sfun_registry.obj
 0001:0000bdd0       sf_register_machine_exported_symbols 000000018000cdd0 f   sim_feedback_lin_sfun_registry.obj
 0001:0000bdf0       callCustomFcn              000000018000cdf0 f   sim_feedback_lin_sfun_registry.obj
 0001:0000be00       sf_machine_global_initializer 000000018000ce00 f   sim_feedback_lin_sfun_registry.obj
 0001:0000bec0       mdlGetSimState             000000018000cec0 f   sim_feedback_lin_sfun_registry.obj
 0001:0000bf00       mdlSetSimState             000000018000cf00 f   sim_feedback_lin_sfun_registry.obj
 0001:0000c790       ProcessMexSfunctionEveryCall 000000018000d790 f   sim_feedback_lin_sfun_registry.obj
 0001:0000d446       sf_load_rtw_optimization_info 000000018000e446 f   sf_runtime:sf_runtime.dll
 0001:0000d44c       sf_debug_initialize_machine 000000018000e44c f   sf_runtime:sf_runtime.dll
 0001:0000d452       sf_debug_set_machine_event_thresholds 000000018000e452 f   sf_runtime:sf_runtime.dll
 0001:0000d458       sf_debug_set_machine_data_thresholds 000000018000e458 f   sf_runtime:sf_runtime.dll
 0001:0000d45e       sf_rtw_info_uint_prop      000000018000e45e f   sf_runtime:sf_runtime.dll
 0001:0000d464       sf_update_buildInfo        000000018000e464 f   sf_runtime:sf_runtime.dll
 0001:0000d46a       sf_is_chart_inlinable      000000018000e46a f   sf_runtime:sf_runtime.dll
 0001:0000d470       sf_mark_chart_reusable_outputs 000000018000e470 f   sf_runtime:sf_runtime.dll
 0001:0000d476       sf_mark_chart_expressionable_inputs 000000018000e476 f   sf_runtime:sf_runtime.dll
 0001:0000d47c       sim_mode_is_rtw_gen        000000018000e47c f   sf_runtime:sf_runtime.dll
 0001:0000d482       sim_mode_is_external       000000018000e482 f   sf_runtime:sf_runtime.dll
 0001:0000d488       sf_clear_rtw_identifier    000000018000e488 f   sf_runtime:sf_runtime.dll
 0001:0000d48e       sf_set_rtw_dwork_info      000000018000e48e f   sf_runtime:sf_runtime.dll
 0001:0000d494       sf_get_time                000000018000e494 f   sf_runtime:sf_runtime.dll
 0001:0000d49a       sf_is_first_init_cond      000000018000e49a f   sf_runtime:sf_runtime.dll
 0001:0000d4a0       sf_mex_error_message       000000018000e4a0 f   sf_runtime:sf_runtime.dll
 0001:0000d4a6       sf_mex_addfield            000000018000e4a6 f   sf_runtime:sf_runtime.dll
 0001:0000d4ac       sf_mex_createstruct        000000018000e4ac f   sf_runtime:sf_runtime.dll
 0001:0000d4b2       sf_mex_create              000000018000e4b2 f   sf_runtime:sf_runtime.dll
 0001:0000d4b8       sf_mex_createcellmatrix    000000018000e4b8 f   sf_runtime:sf_runtime.dll
 0001:0000d4be       sf_mex_setcell             000000018000e4be f   sf_runtime:sf_runtime.dll
 0001:0000d4c4       sf_mex_getcell             000000018000e4c4 f   sf_runtime:sf_runtime.dll
 0001:0000d4ca       sf_mex_assign              000000018000e4ca f   sf_runtime:sf_runtime.dll
 0001:0000d4d0       sf_mex_dup                 000000018000e4d0 f   sf_runtime:sf_runtime.dll
 0001:0000d4d6       sf_mex_destroy             000000018000e4d6 f   sf_runtime:sf_runtime.dll
 0001:0000d4dc       sf_mex_import              000000018000e4dc f   sf_runtime:sf_runtime.dll
 0001:0000d4e2       sf_mex_decode_encoded_mx_struct_array 000000018000e4e2 f   sf_runtime:sf_runtime.dll
 0001:0000d4e8       sf_mex_duplicatearraysafe  000000018000e4e8 f   sf_runtime:sf_runtime.dll
 0001:0000d4ee       sf_mex_emlrtNameCapturePostProcessR2012a 000000018000e4ee f   sf_runtime:sf_runtime.dll
 0001:0000d4f4       ssGetInputPortSignal_wrapper 000000018000e4f4 f   sf_runtime:sf_runtime.dll
 0001:0000d4fa       ssGetOutputPortSignal_wrapper 000000018000e4fa f   sf_runtime:sf_runtime.dll
 0001:0000d500       sf_runtime_overflow_check_is_on 000000018000e500 f   sf_runtime:sf_runtime.dll
 0001:0000d506       sf_debug_initialize_chart  000000018000e506 f   sf_runtime:sf_runtime.dll
 0001:0000d50c       sf_debug_call              000000018000e50c f   sf_runtime:sf_runtime.dll
 0001:0000d512       eml_debug_line_call        000000018000e512 f   sf_runtime:sf_runtime.dll
 0001:0000d518       cv_eml_eval                000000018000e518 f   sf_runtime:sf_runtime.dll
 0001:0000d51e       cv_eml_init_script         000000018000e51e f   sf_runtime:sf_runtime.dll
 0001:0000d524       cv_eml_init_fcn            000000018000e524 f   sf_runtime:sf_runtime.dll
 0001:0000d52a       cv_script_eval             000000018000e52a f   sf_runtime:sf_runtime.dll
 0001:0000d530       cv_script_init_script      000000018000e530 f   sf_runtime:sf_runtime.dll
 0001:0000d536       cv_script_init_fcn         000000018000e536 f   sf_runtime:sf_runtime.dll
 0001:0000d53c       sf_debug_reset_current_state_configuration 000000018000e53c f   sf_runtime:sf_runtime.dll
 0001:0000d542       sf_debug_check_for_state_inconsistency 000000018000e542 f   sf_runtime:sf_runtime.dll
 0001:0000d548       sf_debug_set_chart_data_props 000000018000e548 f   sf_runtime:sf_runtime.dll
 0001:0000d54e       sf_debug_set_chart_data_compiled_props 000000018000e54e f   sf_runtime:sf_runtime.dll
 0001:0000d554       sf_debug_symbol_scope_push 000000018000e554 f   sf_runtime:sf_runtime.dll
 0001:0000d55a       sf_debug_symbol_scope_push_eml 000000018000e55a f   sf_runtime:sf_runtime.dll
 0001:0000d560       sf_debug_symbol_scope_pop  000000018000e560 f   sf_runtime:sf_runtime.dll
 0001:0000d566       sf_debug_symbol_scope_add_eml 000000018000e566 f   sf_runtime:sf_runtime.dll
 0001:0000d56c       sf_debug_symbol_scope_add_eml_importable 000000018000e56c f   sf_runtime:sf_runtime.dll
 0001:0000d572       sf_debug_set_instance_data_value_ptr 000000018000e572 f   sf_runtime:sf_runtime.dll
 0001:0000d578       sf_debug_set_chart_disable_implicit_casting 000000018000e578 f   sf_runtime:sf_runtime.dll
 0001:0000d57e       sf_debug_set_chart_event_thresholds 000000018000e57e f   sf_runtime:sf_runtime.dll
 0001:0000d584       sf_debug_set_chart_state_info 000000018000e584 f   sf_runtime:sf_runtime.dll
 0001:0000d58a       sf_debug_set_chart_decomposition 000000018000e58a f   sf_runtime:sf_runtime.dll
 0001:0000d590       sf_debug_set_chart_substate_count 000000018000e590 f   sf_runtime:sf_runtime.dll
 0001:0000d596       sf_debug_data_range_wrapper 000000018000e596 f   sf_runtime:sf_runtime.dll
 0001:0000d59c       sf_debug_cv_init_trans     000000018000e59c f   sf_runtime:sf_runtime.dll
 0001:0000d5a2       sf_debug_cv_init_chart     000000018000e5a2 f   sf_runtime:sf_runtime.dll
 0001:0000d5a8       sf_debug_cv_init_state     000000018000e5a8 f   sf_runtime:sf_runtime.dll
 0001:0000d5ae       sf_debug_get_script_id     000000018000e5ae f   sf_runtime:sf_runtime.dll
 0001:0000d5b4       sf_debug_set_script_translation 000000018000e5b4 f   sf_runtime:sf_runtime.dll
 0001:0000d5ba       callMdlMethodAndReportError 000000018000e5ba f   sf_runtime:sf_runtime.dll
 0001:0000d5c0       call_sf_machine_global_method_dispatcher 000000018000e5c0 f   sf_runtime:sf_runtime.dll
 0001:0000d5c6       sf_mex_error_direct_call   000000018000e5c6 f   sf_runtime:sf_runtime.dll
 0001:0000d5cc       sf_clear_error_manager_info 000000018000e5cc f   sf_runtime:sf_runtime.dll
 0001:0000d5d2       sf_debug_create_debug_instance_struct 000000018000e5d2 f   sf_runtime:sf_runtime.dll
 0001:0000d5d8       sf_debug_terminate         000000018000e5d8 f   sf_runtime:sf_runtime.dll
 0001:0000d5de       sf_debug_api               000000018000e5de f   sf_runtime:sf_runtime.dll
 0001:0000d5e4       mxIsChar                   000000018000e5e4 f   libmx:libmx.dll
 0001:0000d5ea       mxGetPr                    000000018000e5ea f   libmx:libmx.dll
 0001:0000d5f0       mxGetScalar                000000018000e5f0 f   libmx:libmx.dll
 0001:0000d5f6       mxDestroyArray             000000018000e5f6 f   libmx:libmx.dll
 0001:0000d5fc       mxCreateDoubleMatrix_730   000000018000e5fc f   libmx:libmx.dll
 0001:0000d602       mxCreateLogicalScalar      000000018000e602 f   libmx:libmx.dll
 0001:0000d608       mxGetString_730            000000018000e608 f   libmx:libmx.dll
 0001:0000d60e       mxDuplicateArray           000000018000e60e f   libmx:libmx.dll
 0001:0000d614       mxSetField_730             000000018000e614 f   libmx:libmx.dll
 0001:0000d61a       mxCreateDoubleScalar       000000018000e61a f   libmx:libmx.dll
 0001:0000d620       mxCreateString             000000018000e620 f   libmx:libmx.dll
 0001:0000d626       mxCreateCellMatrix_730     000000018000e626 f   libmx:libmx.dll
 0001:0000d62c       mxCreateCellArray_730      000000018000e62c f   libmx:libmx.dll
 0001:0000d632       mxCreateStructMatrix_730   000000018000e632 f   libmx:libmx.dll
 0001:0000d638       mxCreateStructArray_730    000000018000e638 f   libmx:libmx.dll
 0001:0000d63e       mxCalloc                   000000018000e63e f   libmx:libmx.dll
 0001:0000d644       mxGetM                     000000018000e644 f   libmx:libmx.dll
 0001:0000d64a       mxGetClassID               000000018000e64a f   libmx:libmx.dll
 0001:0000d650       mxIsNumeric                000000018000e650 f   libmx:libmx.dll
 0001:0000d656       mxIsComplex                000000018000e656 f   libmx:libmx.dll
 0001:0000d65c       mxGetN                     000000018000e65c f   libmx:libmx.dll
 0001:0000d662       mexMakeArrayPersistent     000000018000e662 f   libmex:libmex.dll
 0001:0000d668       mexErrMsgTxt               000000018000e668 f   libmex:libmex.dll
 0001:0000d66e       mexWarnMsgTxt              000000018000e66e f   libmex:libmex.dll
 0001:0000d674       mexCallMATLABWithObject    000000018000e674 f   libmex:libmex.dll
 0001:0000d67a       mexLock                    000000018000e67a f   libmex:libmex.dll
 0001:0000d680       mexUnlock                  000000018000e680 f   libmex:libmex.dll
 0001:0000d686       mexIsLocked                000000018000e686 f   libmex:libmex.dll
 0001:0000d68c       utMalloc                   000000018000e68c f   libut:libut.dll
 0001:0000d692       utFree                     000000018000e692 f   libut:libut.dll
 0001:0000d698       muDoubleScalarSin          000000018000e698 f   libmwmathutil:libmwmathutil.dll
 0001:0000d6a0       __raise_securityfailure    000000018000e6a0 f   MSVCRT:gs_report.obj
 0001:0000d6ec       __report_gsfailure         000000018000e6ec f   MSVCRT:gs_report.obj
 0001:0000d7c0       __report_rangecheckfailure 000000018000e7c0 f   MSVCRT:gs_report.obj
 0001:0000d7d4       __report_securityfailure   000000018000e7d4 f   MSVCRT:gs_report.obj
 0001:0000d870       __report_securityfailureEx 000000018000e870 f   MSVCRT:gs_report.obj
 0001:0000d97e       strcmp                     000000018000e97e f   MSVCRT:MSVCR120.dll
 0001:0000d984       __GSHandlerCheck           000000018000e984 f   MSVCRT:gshandler.obj
 0001:0000d9a4       __GSHandlerCheckCommon     000000018000e9a4 f   MSVCRT:gshandler.obj
 0001:0000da20       __security_check_cookie    000000018000ea20 f   MSVCRT:amdsecgs.obj
 0001:0000da40       memset                     000000018000ea40 f   MSVCRT:MSVCR120.dll
 0001:0000da46       strlen                     000000018000ea46 f   MSVCRT:MSVCR120.dll
 0001:0000da4c       memcpy                     000000018000ea4c f   MSVCRT:MSVCR120.dll
 0001:0000da52       strcat                     000000018000ea52 f   MSVCRT:MSVCR120.dll
 0001:0000da58       sprintf                    000000018000ea58 f   MSVCRT:MSVCR120.dll
 0001:0000da5e       free                       000000018000ea5e f   MSVCRT:MSVCR120.dll
 0001:0000da64       malloc                     000000018000ea64 f   MSVCRT:MSVCR120.dll
 0001:0000dacc       NtCurrentTeb               000000018000eacc f i MSVCRT:crtdll.obj
 0001:0000dad8       _CRT_INIT                  000000018000ead8 f   MSVCRT:crtdll.obj
 0001:0000dd24       _DllMainCRTStartup         000000018000ed24 f   MSVCRT:crtdll.obj
 0001:0000de9a       __crt_debugger_hook        000000018000ee9a f   MSVCRT:MSVCR120.dll
 0001:0000dea0       __crtUnhandledException    000000018000eea0 f   MSVCRT:MSVCR120.dll
 0001:0000dea6       __crtTerminateProcess      000000018000eea6 f   MSVCRT:MSVCR120.dll
 0001:0000deac       __crtCaptureCurrentContext 000000018000eeac f   MSVCRT:MSVCR120.dll
 0001:0000deb2       __crtCapturePreviousContext 000000018000eeb2 f   MSVCRT:MSVCR120.dll
 0001:0000deb8       __CppXcptFilter            000000018000eeb8 f   MSVCRT:MSVCR120.dll
 0001:0000debe       _amsg_exit                 000000018000eebe f   MSVCRT:MSVCR120.dll
 0001:0000ded0       _FindPESection             000000018000eed0 f   MSVCRT:pesect.obj
 0001:0000df20       _IsNonwritableInCurrentImage 000000018000ef20 f   MSVCRT:pesect.obj
 0001:0000df70       _ValidateImageBase         000000018000ef70 f   MSVCRT:pesect.obj
 0001:0000dfa0       __atonexitinit             000000018000efa0 f   MSVCRT:atonexit.obj
 0001:0000dff0       _onexit                    000000018000eff0 f   MSVCRT:atonexit.obj
 0001:0000e0a0       atexit                     000000018000f0a0 f   MSVCRT:atonexit.obj
 0001:0000e0b8       __security_init_cookie     000000018000f0b8 f   MSVCRT:gs_support.obj
 0001:0000e164       DllMain                    000000018000f164 f   MSVCRT:dllmain.obj
 0001:0000e188       _malloc_crt                000000018000f188 f   MSVCRT:MSVCR120.dll
 0001:0000e190       _RTC_Initialize            000000018000f190 f   MSVCRT:initsect.obj
 0001:0000e1c8       _RTC_Terminate             000000018000f1c8 f   MSVCRT:initsect.obj
 0001:0000e200       _initterm                  000000018000f200 f   MSVCRT:MSVCR120.dll
 0001:0000e206       _initterm_e                000000018000f206 f   MSVCRT:MSVCR120.dll
 0001:0000e20c       __clean_type_info_names    000000018000f20c f   MSVCRT:tncleanup.obj
 0001:0000e218       __C_specific_handler       000000018000f218 f   MSVCRT:MSVCR120.dll
 0001:0000e21e       _lock                      000000018000f21e f   MSVCRT:MSVCR120.dll
 0001:0000e224       _unlock                    000000018000f224 f   MSVCRT:MSVCR120.dll
 0001:0000e22a       _calloc_crt                000000018000f22a f   MSVCRT:MSVCR120.dll
 0001:0000e230       __dllonexit                000000018000f230 f   MSVCRT:MSVCR120.dll
 0001:0000e236       __clean_type_info_names_internal 000000018000f236 f   MSVCRT:MSVCR120.dll
 0001:0000e23c       IsDebuggerPresent          000000018000f23c f   kernel32:KERNEL32.dll
 0001:0000e242       IsProcessorFeaturePresent  000000018000f242 f   kernel32:KERNEL32.dll
 0001:0000e248       EncodePointer              000000018000f248 f   kernel32:KERNEL32.dll
 0001:0000e24e       DecodePointer              000000018000f24e f   kernel32:KERNEL32.dll
 0001:0000e254       QueryPerformanceCounter    000000018000f254 f   kernel32:KERNEL32.dll
 0001:0000e25a       GetCurrentProcessId        000000018000f25a f   kernel32:KERNEL32.dll
 0001:0000e260       GetCurrentThreadId         000000018000f260 f   kernel32:KERNEL32.dll
 0001:0000e266       GetSystemTimeAsFileTime    000000018000f266 f   kernel32:KERNEL32.dll
 0001:0000e26c       DisableThreadLibraryCalls  000000018000f26c f   kernel32:KERNEL32.dll
 0002:00000000       __imp_DisableThreadLibraryCalls 0000000180010000     kernel32:KERNEL32.dll
 0002:00000008       __imp_GetSystemTimeAsFileTime 0000000180010008     kernel32:KERNEL32.dll
 0002:00000010       __imp_GetCurrentThreadId   0000000180010010     kernel32:KERNEL32.dll
 0002:00000018       __imp_GetCurrentProcessId  0000000180010018     kernel32:KERNEL32.dll
 0002:00000020       __imp_QueryPerformanceCounter 0000000180010020     kernel32:KERNEL32.dll
 0002:00000028       __imp_DecodePointer        0000000180010028     kernel32:KERNEL32.dll
 0002:00000030       __imp_EncodePointer        0000000180010030     kernel32:KERNEL32.dll
 0002:00000038       __imp_IsProcessorFeaturePresent 0000000180010038     kernel32:KERNEL32.dll
 0002:00000040       __imp_IsDebuggerPresent    0000000180010040     kernel32:KERNEL32.dll
 0002:00000048       \177KERNEL32_NULL_THUNK_DATA 0000000180010048     kernel32:KERNEL32.dll
 0002:00000050       __imp___clean_type_info_names_internal 0000000180010050     MSVCRT:MSVCR120.dll
 0002:00000058       __imp__onexit              0000000180010058     MSVCRT:MSVCR120.dll
 0002:00000060       __imp___dllonexit          0000000180010060     MSVCRT:MSVCR120.dll
 0002:00000068       __imp__calloc_crt          0000000180010068     MSVCRT:MSVCR120.dll
 0002:00000070       __imp__unlock              0000000180010070     MSVCRT:MSVCR120.dll
 0002:00000078       __imp__lock                0000000180010078     MSVCRT:MSVCR120.dll
 0002:00000080       __imp___C_specific_handler 0000000180010080     MSVCRT:MSVCR120.dll
 0002:00000088       __imp__initterm_e          0000000180010088     MSVCRT:MSVCR120.dll
 0002:00000090       __imp__initterm            0000000180010090     MSVCRT:MSVCR120.dll
 0002:00000098       __imp__malloc_crt          0000000180010098     MSVCRT:MSVCR120.dll
 0002:000000a0       __imp__amsg_exit           00000001800100a0     MSVCRT:MSVCR120.dll
 0002:000000a8       __imp___CppXcptFilter      00000001800100a8     MSVCRT:MSVCR120.dll
 0002:000000b0       __imp___crtCapturePreviousContext 00000001800100b0     MSVCRT:MSVCR120.dll
 0002:000000b8       __imp___crtCaptureCurrentContext 00000001800100b8     MSVCRT:MSVCR120.dll
 0002:000000c0       __imp___crtTerminateProcess 00000001800100c0     MSVCRT:MSVCR120.dll
 0002:000000c8       __imp___crtUnhandledException 00000001800100c8     MSVCRT:MSVCR120.dll
 0002:000000d0       __imp___crt_debugger_hook  00000001800100d0     MSVCRT:MSVCR120.dll
 0002:000000d8       __imp_malloc               00000001800100d8     MSVCRT:MSVCR120.dll
 0002:000000e0       __imp_free                 00000001800100e0     MSVCRT:MSVCR120.dll
 0002:000000e8       __imp_sprintf              00000001800100e8     MSVCRT:MSVCR120.dll
 0002:000000f0       __imp_strcat               00000001800100f0     MSVCRT:MSVCR120.dll
 0002:000000f8       __imp_memcpy               00000001800100f8     MSVCRT:MSVCR120.dll
 0002:00000100       __imp_strlen               0000000180010100     MSVCRT:MSVCR120.dll
 0002:00000108       __imp_memset               0000000180010108     MSVCRT:MSVCR120.dll
 0002:00000110       __imp_strcmp               0000000180010110     MSVCRT:MSVCR120.dll
 0002:00000118       \177MSVCR120_NULL_THUNK_DATA 0000000180010118     MSVCRT:MSVCR120.dll
 0002:00000120       __imp_mexLock              0000000180010120     libmex:libmex.dll
 0002:00000128       __imp_mexErrMsgTxt         0000000180010128     libmex:libmex.dll
 0002:00000130       __imp_mexIsLocked          0000000180010130     libmex:libmex.dll
 0002:00000138       __imp_mexUnlock            0000000180010138     libmex:libmex.dll
 0002:00000140       __imp_mexMakeArrayPersistent 0000000180010140     libmex:libmex.dll
 0002:00000148       __imp_mexCallMATLABWithObject 0000000180010148     libmex:libmex.dll
 0002:00000150       __imp_mexWarnMsgTxt        0000000180010150     libmex:libmex.dll
 0002:00000158       \177libmex_NULL_THUNK_DATA 0000000180010158     libmex:libmex.dll
 0002:00000160       __imp_muDoubleScalarSin    0000000180010160     libmwmathutil:libmwmathutil.dll
 0002:00000168       \177libmwmathutil_NULL_THUNK_DATA 0000000180010168     libmwmathutil:libmwmathutil.dll
 0002:00000170       __imp_mxGetN               0000000180010170     libmx:libmx.dll
 0002:00000178       __imp_mxIsComplex          0000000180010178     libmx:libmx.dll
 0002:00000180       __imp_mxIsNumeric          0000000180010180     libmx:libmx.dll
 0002:00000188       __imp_mxGetClassID         0000000180010188     libmx:libmx.dll
 0002:00000190       __imp_mxGetM               0000000180010190     libmx:libmx.dll
 0002:00000198       __imp_mxCalloc             0000000180010198     libmx:libmx.dll
 0002:000001a0       __imp_mxCreateStructArray_730 00000001800101a0     libmx:libmx.dll
 0002:000001a8       __imp_mxCreateStructMatrix_730 00000001800101a8     libmx:libmx.dll
 0002:000001b0       __imp_mxCreateCellArray_730 00000001800101b0     libmx:libmx.dll
 0002:000001b8       __imp_mxCreateCellMatrix_730 00000001800101b8     libmx:libmx.dll
 0002:000001c0       __imp_mxCreateString       00000001800101c0     libmx:libmx.dll
 0002:000001c8       __imp_mxCreateDoubleScalar 00000001800101c8     libmx:libmx.dll
 0002:000001d0       __imp_mxSetField_730       00000001800101d0     libmx:libmx.dll
 0002:000001d8       __imp_mxDuplicateArray     00000001800101d8     libmx:libmx.dll
 0002:000001e0       __imp_mxGetString_730      00000001800101e0     libmx:libmx.dll
 0002:000001e8       __imp_mxCreateLogicalScalar 00000001800101e8     libmx:libmx.dll
 0002:000001f0       __imp_mxCreateDoubleMatrix_730 00000001800101f0     libmx:libmx.dll
 0002:000001f8       __imp_mxDestroyArray       00000001800101f8     libmx:libmx.dll
 0002:00000200       __imp_mxGetScalar          0000000180010200     libmx:libmx.dll
 0002:00000208       __imp_mxGetPr              0000000180010208     libmx:libmx.dll
 0002:00000210       __imp_mxIsChar             0000000180010210     libmx:libmx.dll
 0002:00000218       \177libmx_NULL_THUNK_DATA  0000000180010218     libmx:libmx.dll
 0002:00000220       __imp_utMalloc             0000000180010220     libut:libut.dll
 0002:00000228       __imp_utFree               0000000180010228     libut:libut.dll
 0002:00000230       \177libut_NULL_THUNK_DATA  0000000180010230     libut:libut.dll
 0002:00000238       __imp_sf_debug_create_debug_instance_struct 0000000180010238     sf_runtime:sf_runtime.dll
 0002:00000240       __imp_sf_clear_error_manager_info 0000000180010240     sf_runtime:sf_runtime.dll
 0002:00000248       __imp_sf_mex_error_direct_call 0000000180010248     sf_runtime:sf_runtime.dll
 0002:00000250       __imp_call_sf_machine_global_method_dispatcher 0000000180010250     sf_runtime:sf_runtime.dll
 0002:00000258       __imp_callMdlMethodAndReportError 0000000180010258     sf_runtime:sf_runtime.dll
 0002:00000260       __imp_sf_debug_set_script_translation 0000000180010260     sf_runtime:sf_runtime.dll
 0002:00000268       __imp_sf_debug_get_script_id 0000000180010268     sf_runtime:sf_runtime.dll
 0002:00000270       __imp_sf_debug_cv_init_state 0000000180010270     sf_runtime:sf_runtime.dll
 0002:00000278       __imp_sf_debug_cv_init_chart 0000000180010278     sf_runtime:sf_runtime.dll
 0002:00000280       __imp_sf_debug_cv_init_trans 0000000180010280     sf_runtime:sf_runtime.dll
 0002:00000288       __imp_sf_debug_data_range_wrapper 0000000180010288     sf_runtime:sf_runtime.dll
 0002:00000290       __imp_sf_debug_set_chart_substate_count 0000000180010290     sf_runtime:sf_runtime.dll
 0002:00000298       __imp_sf_debug_set_chart_decomposition 0000000180010298     sf_runtime:sf_runtime.dll
 0002:000002a0       __imp_sf_debug_set_chart_state_info 00000001800102a0     sf_runtime:sf_runtime.dll
 0002:000002a8       __imp_sf_debug_terminate   00000001800102a8     sf_runtime:sf_runtime.dll
 0002:000002b0       __imp_sf_debug_set_chart_disable_implicit_casting 00000001800102b0     sf_runtime:sf_runtime.dll
 0002:000002b8       __imp_sf_debug_set_instance_data_value_ptr 00000001800102b8     sf_runtime:sf_runtime.dll
 0002:000002c0       __imp_sf_debug_symbol_scope_add_eml_importable 00000001800102c0     sf_runtime:sf_runtime.dll
 0002:000002c8       __imp_sf_debug_symbol_scope_add_eml 00000001800102c8     sf_runtime:sf_runtime.dll
 0002:000002d0       __imp_sf_debug_symbol_scope_pop 00000001800102d0     sf_runtime:sf_runtime.dll
 0002:000002d8       __imp_sf_debug_symbol_scope_push_eml 00000001800102d8     sf_runtime:sf_runtime.dll
 0002:000002e0       __imp_sf_debug_symbol_scope_push 00000001800102e0     sf_runtime:sf_runtime.dll
 0002:000002e8       __imp_sf_debug_set_chart_data_compiled_props 00000001800102e8     sf_runtime:sf_runtime.dll
 0002:000002f0       __imp_sf_debug_set_chart_data_props 00000001800102f0     sf_runtime:sf_runtime.dll
 0002:000002f8       __imp_sf_debug_check_for_state_inconsistency 00000001800102f8     sf_runtime:sf_runtime.dll
 0002:00000300       __imp_sf_debug_reset_current_state_configuration 0000000180010300     sf_runtime:sf_runtime.dll
 0002:00000308       __imp_cv_script_init_fcn   0000000180010308     sf_runtime:sf_runtime.dll
 0002:00000310       __imp_cv_script_init_script 0000000180010310     sf_runtime:sf_runtime.dll
 0002:00000318       __imp_cv_script_eval       0000000180010318     sf_runtime:sf_runtime.dll
 0002:00000320       __imp_sf_debug_set_chart_event_thresholds 0000000180010320     sf_runtime:sf_runtime.dll
 0002:00000328       __imp_sf_debug_api         0000000180010328     sf_runtime:sf_runtime.dll
 0002:00000330       __imp_cv_eml_init_fcn      0000000180010330     sf_runtime:sf_runtime.dll
 0002:00000338       __imp_cv_eml_init_script   0000000180010338     sf_runtime:sf_runtime.dll
 0002:00000340       __imp_cv_eml_eval          0000000180010340     sf_runtime:sf_runtime.dll
 0002:00000348       __imp_eml_debug_line_call  0000000180010348     sf_runtime:sf_runtime.dll
 0002:00000350       __imp_sf_debug_call        0000000180010350     sf_runtime:sf_runtime.dll
 0002:00000358       __imp_sf_debug_initialize_chart 0000000180010358     sf_runtime:sf_runtime.dll
 0002:00000360       __imp_sf_runtime_overflow_check_is_on 0000000180010360     sf_runtime:sf_runtime.dll
 0002:00000368       __imp_ssGetOutputPortSignal_wrapper 0000000180010368     sf_runtime:sf_runtime.dll
 0002:00000370       __imp_ssGetInputPortSignal_wrapper 0000000180010370     sf_runtime:sf_runtime.dll
 0002:00000378       __imp_sf_mex_emlrtNameCapturePostProcessR2012a 0000000180010378     sf_runtime:sf_runtime.dll
 0002:00000380       __imp_sf_mex_duplicatearraysafe 0000000180010380     sf_runtime:sf_runtime.dll
 0002:00000388       __imp_sf_mex_decode_encoded_mx_struct_array 0000000180010388     sf_runtime:sf_runtime.dll
 0002:00000390       __imp_sf_mex_import        0000000180010390     sf_runtime:sf_runtime.dll
 0002:00000398       __imp_sf_mex_destroy       0000000180010398     sf_runtime:sf_runtime.dll
 0002:000003a0       __imp_sf_mex_dup           00000001800103a0     sf_runtime:sf_runtime.dll
 0002:000003a8       __imp_sf_mex_assign        00000001800103a8     sf_runtime:sf_runtime.dll
 0002:000003b0       __imp_sf_mex_getcell       00000001800103b0     sf_runtime:sf_runtime.dll
 0002:000003b8       __imp_sf_mex_setcell       00000001800103b8     sf_runtime:sf_runtime.dll
 0002:000003c0       __imp_sf_mex_createcellmatrix 00000001800103c0     sf_runtime:sf_runtime.dll
 0002:000003c8       __imp_sf_mex_create        00000001800103c8     sf_runtime:sf_runtime.dll
 0002:000003d0       __imp_sf_mex_createstruct  00000001800103d0     sf_runtime:sf_runtime.dll
 0002:000003d8       __imp_sf_mex_addfield      00000001800103d8     sf_runtime:sf_runtime.dll
 0002:000003e0       __imp_sf_mex_error_message 00000001800103e0     sf_runtime:sf_runtime.dll
 0002:000003e8       __imp_sf_is_first_init_cond 00000001800103e8     sf_runtime:sf_runtime.dll
 0002:000003f0       __imp_sf_get_time          00000001800103f0     sf_runtime:sf_runtime.dll
 0002:000003f8       __imp_sf_set_rtw_dwork_info 00000001800103f8     sf_runtime:sf_runtime.dll
 0002:00000400       __imp_sf_clear_rtw_identifier 0000000180010400     sf_runtime:sf_runtime.dll
 0002:00000408       __imp_sim_mode_is_external 0000000180010408     sf_runtime:sf_runtime.dll
 0002:00000410       __imp_sim_mode_is_rtw_gen  0000000180010410     sf_runtime:sf_runtime.dll
 0002:00000418       __imp_sf_mark_chart_expressionable_inputs 0000000180010418     sf_runtime:sf_runtime.dll
 0002:00000420       __imp_sf_mark_chart_reusable_outputs 0000000180010420     sf_runtime:sf_runtime.dll
 0002:00000428       __imp_sf_is_chart_inlinable 0000000180010428     sf_runtime:sf_runtime.dll
 0002:00000430       __imp_sf_update_buildInfo  0000000180010430     sf_runtime:sf_runtime.dll
 0002:00000438       __imp_sf_rtw_info_uint_prop 0000000180010438     sf_runtime:sf_runtime.dll
 0002:00000440       __imp_sf_debug_set_machine_data_thresholds 0000000180010440     sf_runtime:sf_runtime.dll
 0002:00000448       __imp_sf_debug_set_machine_event_thresholds 0000000180010448     sf_runtime:sf_runtime.dll
 0002:00000450       __imp_sf_debug_initialize_machine 0000000180010450     sf_runtime:sf_runtime.dll
 0002:00000458       __imp_sf_load_rtw_optimization_info 0000000180010458     sf_runtime:sf_runtime.dll
 0002:00000460       \177sf_runtime_NULL_THUNK_DATA 0000000180010460     sf_runtime:sf_runtime.dll
 0002:00000468       __xc_a                     0000000180010468     MSVCRT:cinitexe.obj
 0002:00000470       __xc_z                     0000000180010470     MSVCRT:cinitexe.obj
 0002:00000478       __xi_a                     0000000180010478     MSVCRT:cinitexe.obj
 0002:00000490       __xi_z                     0000000180010490     MSVCRT:cinitexe.obj
 0002:000004a0       __real@41b48881c0000000    00000001800104a0     sim_feedback_lin_sfun.obj
 0002:000004a8       __real@41b647b3a4000000    00000001800104a8     sim_feedback_lin_sfun.obj
 0002:000004b0       __real@41cd56102f800000    00000001800104b0     sim_feedback_lin_sfun.obj
 0002:000004b8       __real@41d58e3a6a000000    00000001800104b8     sim_feedback_lin_sfun.obj
 0002:000004c0       __real@41d5d19096800000    00000001800104c0     sim_feedback_lin_sfun.obj
 0002:000004c8       __real@41d7ddc798400000    00000001800104c8     sim_feedback_lin_sfun.obj
 0002:000004d0       __real@41d8b3580dc00000    00000001800104d0     sim_feedback_lin_sfun.obj
 0002:000004d8       __real@41e439a0c9c00000    00000001800104d8     sim_feedback_lin_sfun.obj
 0002:000004e0       __real@41e8583dfc000000    00000001800104e0     sim_feedback_lin_sfun.obj
 0002:000004e8       __real@41e8cffe7aa00000    00000001800104e8     sim_feedback_lin_sfun.obj
 0002:000004f0       __real@41e9cacad2400000    00000001800104f0     sim_feedback_lin_sfun.obj
 0002:000004f8       __real@41ee47f691a00000    00000001800104f8     sim_feedback_lin_sfun.obj
 0002:00000500       __real@3fab089a02752547    0000000180010500     c1_sim_feedback_lin.obj
 0002:00000508       __real@3ff0000000000000    0000000180010508     c1_sim_feedback_lin.obj
 0002:00000510       __real@4000000000000000    0000000180010510     c1_sim_feedback_lin.obj
 0002:00000518       __real@4024000000000000    0000000180010518     c1_sim_feedback_lin.obj
 0002:00000520       __real@41c798bf5a000000    0000000180010520     c1_sim_feedback_lin.obj
 0002:00000528       __real@41e67a4b68e00000    0000000180010528     c1_sim_feedback_lin.obj
 0002:00000530       __real@41e7f8ec05e00000    0000000180010530     c1_sim_feedback_lin.obj
 0002:00000538       __real@41ee952c58e00000    0000000180010538     c1_sim_feedback_lin.obj
 0002:00000540       __xmm@80000000000000008000000000000000 0000000180010540     c1_sim_feedback_lin.obj
 0002:00000550       _ssBadLevel2InputAccessMsg 0000000180010550     sim_feedback_lin_sfun_registry.obj
 0002:000006e0       _ssBadLevel2DirectFeedMsg  00000001800106e0     sim_feedback_lin_sfun_registry.obj
 0002:00000820       _ssBadLevel2DirectFeedSolutionMsg 0000000180010820     sim_feedback_lin_sfun_registry.obj
 0002:00000890       _ssBadLevel2ZeroDirectFeedMsg 0000000180010890     sim_feedback_lin_sfun_registry.obj
 0002:000009d0       _ssBadLevel2ZeroDirectFeedMsg2 00000001800109d0     sim_feedback_lin_sfun_registry.obj
 0002:00000ab8       DYNAMIC_DIMENSION_DEF      0000000180010ab8     sim_feedback_lin_sfun_registry.obj
 0002:00000ad0       __real@0000000000000000    0000000180010ad0     sim_feedback_lin_sfun_registry.obj
 0002:00000ad8       __real@41602cbca0000000    0000000180010ad8     sim_feedback_lin_sfun_registry.obj
 0002:00000ae0       __real@bff0000000000000    0000000180010ae0     sim_feedback_lin_sfun_registry.obj
 0002:00000af8       _pDefaultRawDllMain        0000000180010af8     MSVCRT:crtdll.obj
 0002:00000af8       _pRawDllMain               0000000180010af8     MSVCRT:crtdll.obj
 0002:00000b00       ?ProcessDetach@NativeDll@<CrtImplementationDetails>@@0IB 0000000180010b00     MSVCRT:initsect.obj
 0002:00000b04       ?ProcessAttach@NativeDll@<CrtImplementationDetails>@@0IB 0000000180010b04     MSVCRT:initsect.obj
 0002:00000b08       ?ThreadAttach@NativeDll@<CrtImplementationDetails>@@0IB 0000000180010b08     MSVCRT:initsect.obj
 0002:00000b0c       ?ThreadDetach@NativeDll@<CrtImplementationDetails>@@0IB 0000000180010b0c     MSVCRT:initsect.obj
 0002:00000b10       ?ProcessVerifier@NativeDll@<CrtImplementationDetails>@@0IB 0000000180010b10     MSVCRT:initsect.obj
 0002:00000b14       ?value@?$integral_constant@_N$0A@@std@@2_NB 0000000180010b14     MSVCRT:tncleanup.obj
 0002:00000b15       ?value@?$integral_constant@_N$00@std@@2_NB 0000000180010b15     MSVCRT:tncleanup.obj
 0002:00000b20       _load_config_used          0000000180010b20     MSVCRT:loadcfg.obj
 0002:00000b90       __rtc_iaa                  0000000180010b90     MSVCRT:initsect.obj
 0002:00000b98       __rtc_izz                  0000000180010b98     MSVCRT:initsect.obj
 0002:00000ba0       __rtc_taa                  0000000180010ba0     MSVCRT:initsect.obj
 0002:00000ba8       __rtc_tzz                  0000000180010ba8     MSVCRT:initsect.obj
 0002:000013bc       __IMPORT_DESCRIPTOR_sf_runtime 00000001800113bc     sf_runtime:sf_runtime.dll
 0002:000013d0       __IMPORT_DESCRIPTOR_libmx  00000001800113d0     libmx:libmx.dll
 0002:000013e4       __IMPORT_DESCRIPTOR_libmex 00000001800113e4     libmex:libmex.dll
 0002:000013f8       __IMPORT_DESCRIPTOR_libut  00000001800113f8     libut:libut.dll
 0002:0000140c       __IMPORT_DESCRIPTOR_libmwmathutil 000000018001140c     libmwmathutil:libmwmathutil.dll
 0002:00001420       __IMPORT_DESCRIPTOR_MSVCR120 0000000180011420     MSVCRT:MSVCR120.dll
 0002:00001434       __IMPORT_DESCRIPTOR_KERNEL32 0000000180011434     kernel32:KERNEL32.dll
 0002:00001448       __NULL_IMPORT_DESCRIPTOR   0000000180011448     sf_runtime:sf_runtime.dll
 0003:00001980       DYNAMIC_DIMENSION          0000000180014980     sim_feedback_lin_sfun_registry.obj
 0003:00001e30       __security_cookie          0000000180014e30     MSVCRT:gs_cookie.obj
 0003:00001e38       __security_cookie_complement 0000000180014e38     MSVCRT:gs_cookie.obj
 0003:00001e40       _fltused                   0000000180014e40     MSVCRT:dllsupp.obj
 0003:00001e44       __native_dllmain_reason    0000000180014e44     MSVCRT:natstart.obj
 0003:00001e70       sfGlobalDebugInstanceStruct 0000000180014e70     sim_feedback_lin_sfun_registry.obj
 0003:000024c8       ?__type_info_root_node@@3U__type_info_node@@A 00000001800154c8     MSVCRT:tncleanup.obj
 0003:000024d8       _sim_feedback_linMachineNumber_ 00000001800154d8     <common>
 0003:000024e0       __native_startup_lock      00000001800154e0     <common>
 0003:000024e8       __native_startup_state     00000001800154e8     <common>
 0003:000024f0       __onexitend                00000001800154f0     <common>
 0003:000024f8       __onexitbegin              00000001800154f8     <common>
 0003:00002500       __dyn_tls_init_callback    0000000180015500     <common>

 entry point at        0001:0000dd24

 Static symbols

 0000:00000000       .debug$S                   0000000180000000     sf_runtime:sf_runtime.dll
 0000:00000000       .debug$S                   0000000180000000     sf_runtime:sf_runtime.dll
 0000:00000000       .debug$S                   0000000180000000     sf_runtime:sf_runtime.dll
 0000:00000000       .debug$S                   0000000180000000     sf_runtime:sf_runtime.dll
 0000:00000000       .debug$S                   0000000180000000     sf_runtime:sf_runtime.dll
 0000:00000000       .debug$S                   0000000180000000     sf_runtime:sf_runtime.dll
 0000:00000000       .debug$S                   0000000180000000     kernel32:KERNEL32.dll
 0000:00000000       .debug$S                   0000000180000000     kernel32:KERNEL32.dll
 0000:00000000       .debug$S                   0000000180000000     kernel32:KERNEL32.dll
 0000:00000000       .debug$S                   0000000180000000     kernel32:KERNEL32.dll
 0000:00000000       .debug$S                   0000000180000000     kernel32:KERNEL32.dll
 0000:00000000       .debug$S                   0000000180000000     kernel32:KERNEL32.dll
 0000:00000000       .debug$S                   0000000180000000     kernel32:KERNEL32.dll
 0000:00000000       .debug$S                   0000000180000000     kernel32:KERNEL32.dll
 0000:00000000       .debug$S                   0000000180000000     kernel32:KERNEL32.dll
 0000:00000000       .debug$S                   0000000180000000     MSVCRT:MSVCR120.dll
 0000:00000000       .debug$S                   0000000180000000     MSVCRT:MSVCR120.dll
 0000:00000000       .debug$S                   0000000180000000     MSVCRT:MSVCR120.dll
 0000:00000000       .debug$S                   0000000180000000     MSVCRT:MSVCR120.dll
 0000:00000000       .debug$S                   0000000180000000     MSVCRT:MSVCR120.dll
 0000:00000000       .debug$S                   0000000180000000     MSVCRT:MSVCR120.dll
 0000:00000000       .debug$S                   0000000180000000     MSVCRT:MSVCR120.dll
 0000:00000000       .debug$S                   0000000180000000     MSVCRT:MSVCR120.dll
 0000:00000000       .debug$S                   0000000180000000     MSVCRT:MSVCR120.dll
 0000:00000000       .debug$S                   0000000180000000     MSVCRT:MSVCR120.dll
 0000:00000000       .debug$S                   0000000180000000     MSVCRT:MSVCR120.dll
 0000:00000000       .debug$S                   0000000180000000     MSVCRT:MSVCR120.dll
 0000:00000000       .debug$S                   0000000180000000     MSVCRT:MSVCR120.dll
 0000:00000000       .debug$S                   0000000180000000     MSVCRT:MSVCR120.dll
 0000:00000000       .debug$S                   0000000180000000     MSVCRT:MSVCR120.dll
 0000:00000000       .debug$S                   0000000180000000     MSVCRT:MSVCR120.dll
 0000:00000000       .debug$S                   0000000180000000     MSVCRT:MSVCR120.dll
 0000:00000000       .debug$S                   0000000180000000     MSVCRT:MSVCR120.dll
 0000:00000000       .debug$S                   0000000180000000     MSVCRT:MSVCR120.dll
 0000:00000000       .debug$S                   0000000180000000     MSVCRT:MSVCR120.dll
 0000:00000000       .debug$S                   0000000180000000     MSVCRT:MSVCR120.dll
 0000:00000000       .debug$S                   0000000180000000     MSVCRT:MSVCR120.dll
 0000:00000000       .debug$S                   0000000180000000     MSVCRT:MSVCR120.dll
 0000:00000000       .debug$S                   0000000180000000     MSVCRT:MSVCR120.dll
 0000:00000000       .debug$S                   0000000180000000     MSVCRT:MSVCR120.dll
 0000:00000000       .debug$S                   0000000180000000     sf_runtime:sf_runtime.dll
 0000:00000000       .debug$S                   0000000180000000     sf_runtime:sf_runtime.dll
 0000:00000000       .debug$S                   0000000180000000     sf_runtime:sf_runtime.dll
 0000:00000000       .debug$S                   0000000180000000     sf_runtime:sf_runtime.dll
 0000:00000000       .debug$S                   0000000180000000     sf_runtime:sf_runtime.dll
 0000:00000000       .debug$S                   0000000180000000     sf_runtime:sf_runtime.dll
 0000:00000000       .debug$S                   0000000180000000     sf_runtime:sf_runtime.dll
 0000:00000000       .debug$S                   0000000180000000     sf_runtime:sf_runtime.dll
 0000:00000000       .debug$S                   0000000180000000     sf_runtime:sf_runtime.dll
 0000:00000000       .debug$S                   0000000180000000     sf_runtime:sf_runtime.dll
 0000:00000000       .debug$S                   0000000180000000     sf_runtime:sf_runtime.dll
 0000:00000000       .debug$S                   0000000180000000     sf_runtime:sf_runtime.dll
 0000:00000000       .debug$S                   0000000180000000     sf_runtime:sf_runtime.dll
 0000:00000000       .debug$S                   0000000180000000     sf_runtime:sf_runtime.dll
 0000:00000000       .debug$S                   0000000180000000     sf_runtime:sf_runtime.dll
 0000:00000000       .debug$S                   0000000180000000     sf_runtime:sf_runtime.dll
 0000:00000000       .debug$S                   0000000180000000     sf_runtime:sf_runtime.dll
 0000:00000000       .debug$S                   0000000180000000     sf_runtime:sf_runtime.dll
 0000:00000000       .debug$S                   0000000180000000     sf_runtime:sf_runtime.dll
 0000:00000000       .debug$S                   0000000180000000     sf_runtime:sf_runtime.dll
 0000:00000000       .debug$S                   0000000180000000     sf_runtime:sf_runtime.dll
 0000:00000000       .debug$S                   0000000180000000     sf_runtime:sf_runtime.dll
 0000:00000000       .debug$S                   0000000180000000     sf_runtime:sf_runtime.dll
 0000:00000000       .debug$S                   0000000180000000     sf_runtime:sf_runtime.dll
 0000:00000000       .debug$S                   0000000180000000     sf_runtime:sf_runtime.dll
 0000:00000000       .debug$S                   0000000180000000     sf_runtime:sf_runtime.dll
 0000:00000000       .debug$S                   0000000180000000     sf_runtime:sf_runtime.dll
 0000:00000000       .debug$S                   0000000180000000     sf_runtime:sf_runtime.dll
 0000:00000000       .debug$S                   0000000180000000     sf_runtime:sf_runtime.dll
 0000:00000000       .debug$S                   0000000180000000     sf_runtime:sf_runtime.dll
 0000:00000000       .debug$S                   0000000180000000     sf_runtime:sf_runtime.dll
 0000:00000000       .debug$S                   0000000180000000     sf_runtime:sf_runtime.dll
 0000:00000000       .debug$S                   0000000180000000     sf_runtime:sf_runtime.dll
 0000:00000000       .debug$S                   0000000180000000     sf_runtime:sf_runtime.dll
 0000:00000000       .debug$S                   0000000180000000     libmx:libmx.dll
 0000:00000000       .debug$S                   0000000180000000     sf_runtime:sf_runtime.dll
 0000:00000000       .debug$S                   0000000180000000     libmwmathutil:libmwmathutil.dll
 0000:00000000       .debug$S                   0000000180000000     sf_runtime:sf_runtime.dll
 0000:00000000       .debug$S                   0000000180000000     libut:libut.dll
 0000:00000000       .debug$S                   0000000180000000     libut:libut.dll
 0000:00000000       .debug$S                   0000000180000000     sf_runtime:sf_runtime.dll
 0000:00000000       .debug$S                   0000000180000000     libmex:libmex.dll
 0000:00000000       .debug$S                   0000000180000000     libmex:libmex.dll
 0000:00000000       .debug$S                   0000000180000000     libmex:libmex.dll
 0000:00000000       .debug$S                   0000000180000000     libmex:libmex.dll
 0000:00000000       .debug$S                   0000000180000000     libmex:libmex.dll
 0000:00000000       .debug$S                   0000000180000000     libmex:libmex.dll
 0000:00000000       .debug$S                   0000000180000000     libmex:libmex.dll
 0000:00000000       .debug$S                   0000000180000000     sf_runtime:sf_runtime.dll
 0000:00000000       .debug$S                   0000000180000000     libmx:libmx.dll
 0000:00000000       .debug$S                   0000000180000000     libmx:libmx.dll
 0000:00000000       .debug$S                   0000000180000000     libmx:libmx.dll
 0000:00000000       .debug$S                   0000000180000000     libmx:libmx.dll
 0000:00000000       .debug$S                   0000000180000000     libmx:libmx.dll
 0000:00000000       .debug$S                   0000000180000000     libmx:libmx.dll
 0000:00000000       .debug$S                   0000000180000000     libmx:libmx.dll
 0000:00000000       .debug$S                   0000000180000000     libmx:libmx.dll
 0000:00000000       .debug$S                   0000000180000000     libmx:libmx.dll
 0000:00000000       .debug$S                   0000000180000000     libmx:libmx.dll
 0000:00000000       .debug$S                   0000000180000000     libmx:libmx.dll
 0000:00000000       .debug$S                   0000000180000000     libmx:libmx.dll
 0000:00000000       .debug$S                   0000000180000000     libmx:libmx.dll
 0000:00000000       .debug$S                   0000000180000000     libmx:libmx.dll
 0000:00000000       .debug$S                   0000000180000000     libmx:libmx.dll
 0000:00000000       .debug$S                   0000000180000000     sf_runtime:sf_runtime.dll
 0000:00000000       .debug$S                   0000000180000000     sf_runtime:sf_runtime.dll
 0000:00000000       .debug$S                   0000000180000000     sf_runtime:sf_runtime.dll
 0000:00000000       .debug$S                   0000000180000000     sf_runtime:sf_runtime.dll
 0000:00000000       .debug$S                   0000000180000000     sf_runtime:sf_runtime.dll
 0000:00000000       .debug$S                   0000000180000000     sf_runtime:sf_runtime.dll
 0000:00000000       .debug$S                   0000000180000000     sf_runtime:sf_runtime.dll
 0000:00000000       .debug$S                   0000000180000000     sf_runtime:sf_runtime.dll
 0000:00000000       .debug$S                   0000000180000000     sf_runtime:sf_runtime.dll
 0000:00000000       .debug$S                   0000000180000000     sf_runtime:sf_runtime.dll
 0000:00000000       .debug$S                   0000000180000000     sf_runtime:sf_runtime.dll
 0000:00000000       .debug$S                   0000000180000000     sf_runtime:sf_runtime.dll
 0000:00000000       .debug$S                   0000000180000000     sf_runtime:sf_runtime.dll
 0000:00000000       .debug$S                   0000000180000000     sf_runtime:sf_runtime.dll
 0000:00000000       .debug$S                   0000000180000000     sf_runtime:sf_runtime.dll
 0000:00000000       .debug$S                   0000000180000000     sf_runtime:sf_runtime.dll
 0000:00000000       .debug$S                   0000000180000000     sf_runtime:sf_runtime.dll
 0000:00000000       .debug$S                   0000000180000000     sf_runtime:sf_runtime.dll
 0000:00000000       .debug$S                   0000000180000000     sf_runtime:sf_runtime.dll
 0000:00000000       .debug$S                   0000000180000000     sf_runtime:sf_runtime.dll
 0000:00000000       .debug$S                   0000000180000000     sf_runtime:sf_runtime.dll
 0000:00000000       .debug$S                   0000000180000000     sf_runtime:sf_runtime.dll
 0000:00000000       .debug$S                   0000000180000000     sf_runtime:sf_runtime.dll
 0000:00000000       .debug$S                   0000000180000000     sf_runtime:sf_runtime.dll
 0000:00000000       .debug$S                   0000000180000000     sf_runtime:sf_runtime.dll
 0000:00000000       .debug$S                   0000000180000000     libmx:libmx.dll
 0000:00000000       .debug$S                   0000000180000000     libmx:libmx.dll
 0000:00000000       .debug$S                   0000000180000000     libmx:libmx.dll
 0000:00000000       .debug$S                   0000000180000000     libmx:libmx.dll
 0000:00000000       .debug$S                   0000000180000000     libmx:libmx.dll
 0001:00001310       chart_debug_initialization 0000000180002310 f   c1_sim_feedback_lin.obj
 0001:00001ce0       chart_debug_initialize_data_addresses 0000000180002ce0 f   c1_sim_feedback_lin.obj
 0001:00001e40       initialize_c1_sim_feedback_lin 0000000180002e40 f   c1_sim_feedback_lin.obj
 0001:00001eb0       initialize_params_c1_sim_feedback_lin 0000000180002eb0 f   c1_sim_feedback_lin.obj
 0001:00001ec0       enable_c1_sim_feedback_lin 0000000180002ec0 f   c1_sim_feedback_lin.obj
 0001:00001ef0       disable_c1_sim_feedback_lin 0000000180002ef0 f   c1_sim_feedback_lin.obj
 0001:00001f20       c1_update_debugger_state_c1_sim_feedback_lin 0000000180002f20 f   c1_sim_feedback_lin.obj
 0001:00001f30       get_sim_state_c1_sim_feedback_lin 0000000180002f30 f   c1_sim_feedback_lin.obj
 0001:000020a0       set_sim_state_c1_sim_feedback_lin 00000001800030a0 f   c1_sim_feedback_lin.obj
 0001:000021b0       finalize_c1_sim_feedback_lin 00000001800031b0 f   c1_sim_feedback_lin.obj
 0001:000021c0       sf_gateway_c1_sim_feedback_lin 00000001800031c0 f   c1_sim_feedback_lin.obj
 0001:00002f30       initSimStructsc1_sim_feedback_lin 0000000180003f30 f   c1_sim_feedback_lin.obj
 0001:00002f40       init_script_number_translation 0000000180003f40 f   c1_sim_feedback_lin.obj
 0001:00002fd0       c1_sf_marshallOut          0000000180003fd0 f   c1_sim_feedback_lin.obj
 0001:000030c0       c1_emlrt_marshallIn        00000001800040c0 f   c1_sim_feedback_lin.obj
 0001:00003130       c1_b_emlrt_marshallIn      0000000180004130 f   c1_sim_feedback_lin.obj
 0001:00003200       c1_sf_marshallIn           0000000180004200 f   c1_sim_feedback_lin.obj
 0001:000032d0       c1_b_sf_marshallOut        00000001800042d0 f   c1_sim_feedback_lin.obj
 0001:000033d0       c1_c_sf_marshallOut        00000001800043d0 f   c1_sim_feedback_lin.obj
 0001:00003480       c1_c_emlrt_marshallIn      0000000180004480 f   c1_sim_feedback_lin.obj
 0001:00003510       c1_b_sf_marshallIn         0000000180004510 f   c1_sim_feedback_lin.obj
 0001:000035b0       c1_d_sf_marshallOut        00000001800045b0 f   c1_sim_feedback_lin.obj
 0001:00003f50       c1_info_helper             0000000180004f50 f   c1_sim_feedback_lin.obj
 0001:000043e0       c1_emlrt_marshallOut       00000001800053e0 f   c1_sim_feedback_lin.obj
 0001:00004470       c1_b_emlrt_marshallOut     0000000180005470 f   c1_sim_feedback_lin.obj
 0001:000044e0       c1_e_emlrt_marshallIn      00000001800054e0 f   c1_sim_feedback_lin.obj
 0001:00004540       c1_f_emlrt_marshallIn      0000000180005540 f   c1_sim_feedback_lin.obj
 0001:000045d0       init_dsm_address_info      00000001800055d0 f   c1_sim_feedback_lin.obj
 0001:000045e0       init_simulink_io_address   00000001800055e0 f   c1_sim_feedback_lin.obj
 0001:00004f50       sf_get_sim_state_info_c1_sim_feedback_lin 0000000180005f50 f   c1_sim_feedback_lin.obj
 0001:00005020       sf_get_instance_specialization 0000000180006020 f   c1_sim_feedback_lin.obj
 0001:00005030       sf_opaque_initialize_c1_sim_feedback_lin 0000000180006030 f   c1_sim_feedback_lin.obj
 0001:00005070       sf_opaque_enable_c1_sim_feedback_lin 0000000180006070 f   c1_sim_feedback_lin.obj
 0001:00005090       sf_opaque_disable_c1_sim_feedback_lin 0000000180006090 f   c1_sim_feedback_lin.obj
 0001:000050b0       sf_opaque_gateway_c1_sim_feedback_lin 00000001800060b0 f   c1_sim_feedback_lin.obj
 0001:000050d0       sf_opaque_get_sim_state_c1_sim_feedback_lin 00000001800060d0 f   c1_sim_feedback_lin.obj
 0001:00005120       sf_opaque_set_sim_state_c1_sim_feedback_lin 0000000180006120 f   c1_sim_feedback_lin.obj
 0001:00005170       sf_opaque_terminate_c1_sim_feedback_lin 0000000180006170 f   c1_sim_feedback_lin.obj
 0001:00005210       mdlProcessParameters_c1_sim_feedback_lin 0000000180006210 f   c1_sim_feedback_lin.obj
 0001:000052f0       mdlSetWorkWidths_c1_sim_feedback_lin 00000001800062f0 f   c1_sim_feedback_lin.obj
 0001:00005870       mdlRTW_c1_sim_feedback_lin 0000000180006870 f   c1_sim_feedback_lin.obj
 0001:000058b0       mdlStart_c1_sim_feedback_lin 00000001800068b0 f   c1_sim_feedback_lin.obj
 0001:00006e28       $LN120                     0000000180007e28     sim_feedback_lin_sfun_registry.obj
 0001:000089f4       $LN17                      00000001800099f4     sim_feedback_lin_sfun_registry.obj
 0001:00008f7c       $LN26                      0000000180009f7c     sim_feedback_lin_sfun_registry.obj
 0001:00009664       $LN23                      000000018000a664     sim_feedback_lin_sfun_registry.obj
 0001:00009c40       $LN26                      000000018000ac40     sim_feedback_lin_sfun_registry.obj
 0001:0000bb00       sf_debug_api_wrapper       000000018000cb00 f   sim_feedback_lin_sfun_registry.obj
 0001:0000bb50       ProcessMexSfunctionCmdLineCall 000000018000cb50 f   sim_feedback_lin_sfun_registry.obj
 0001:0000be80       getChartInfoFromSimStruct  000000018000ce80 f   sim_feedback_lin_sfun_registry.obj
 0001:0000bf40       mdlSetWorkWidths           000000018000cf40 f   sim_feedback_lin_sfun_registry.obj
 0001:0000bf70       mdlProcessParameters       000000018000cf70 f   sim_feedback_lin_sfun_registry.obj
 0001:0000bfa0       mdl_start_processing       000000018000cfa0 f   sim_feedback_lin_sfun_registry.obj
 0001:0000c060       mdl_terminate_processing   000000018000d060 f   sim_feedback_lin_sfun_registry.obj
 0001:0000c0e0       mdlStart                   000000018000d0e0 f   sim_feedback_lin_sfun_registry.obj
 0001:0000c110       mdlTerminate               000000018000d110 f   sim_feedback_lin_sfun_registry.obj
 0001:0000c140       mdlInitializeSizes         000000018000d140 f   sim_feedback_lin_sfun_registry.obj
 0001:0000c170       mdlInitializeSampleTimes   000000018000d170 f   sim_feedback_lin_sfun_registry.obj
 0001:0000c1a0       mdl_outputs_continuous_legacy 000000018000d1a0 f   sim_feedback_lin_sfun_registry.obj
 0001:0000c2a0       mdl_outputs_processing     000000018000d2a0 f   sim_feedback_lin_sfun_registry.obj
 0001:0000c3d0       mdl_zeroCrossings_processing 000000018000d3d0 f   sim_feedback_lin_sfun_registry.obj
 0001:0000c410       mdlZeroCrossings           000000018000d410 f   sim_feedback_lin_sfun_registry.obj
 0001:0000c440       mdl_derivatives_processing 000000018000d440 f   sim_feedback_lin_sfun_registry.obj
 0001:0000c490       mdlDerivatives             000000018000d490 f   sim_feedback_lin_sfun_registry.obj
 0001:0000c4c0       mdl_initialize_conditions_processing 000000018000d4c0 f   sim_feedback_lin_sfun_registry.obj
 0001:0000c510       mdlInitializeConditions    000000018000d510 f   sim_feedback_lin_sfun_registry.obj
 0001:0000c540       mdl_ext_mode_exec_processing 000000018000d540 f   sim_feedback_lin_sfun_registry.obj
 0001:0000c580       mdlExtModeExec             000000018000d580 f   sim_feedback_lin_sfun_registry.obj
 0001:0000c5b0       mdlRTW                     000000018000d5b0 f   sim_feedback_lin_sfun_registry.obj
 0001:0000c5f0       mdl_enable_processing      000000018000d5f0 f   sim_feedback_lin_sfun_registry.obj
 0001:0000c630       mdlEnable                  000000018000d630 f   sim_feedback_lin_sfun_registry.obj
 0001:0000c660       mdl_disable_processing     000000018000d660 f   sim_feedback_lin_sfun_registry.obj
 0001:0000c6a0       mdlDisable                 000000018000d6a0 f   sim_feedback_lin_sfun_registry.obj
 0001:0000c6d0       mdlOutputs                 000000018000d6d0 f   sim_feedback_lin_sfun_registry.obj
 0001:0000c700       mdl_update_processing      000000018000d700 f   sim_feedback_lin_sfun_registry.obj
 0001:0000c760       mdlUpdate                  000000018000d760 f   sim_feedback_lin_sfun_registry.obj
 0001:0000c940       mdlGetTimeOfNextVarHit     000000018000d940 f   sim_feedback_lin_sfun_registry.obj
 0001:0000c990       _RegNumInputPortsCB        000000018000d990 f   sim_feedback_lin_sfun_registry.obj
 0001:0000ca10       _RegNumOutputPortsCB       000000018000da10 f   sim_feedback_lin_sfun_registry.obj
 0001:0000ca90       _CreateSimStruct           000000018000da90 f   sim_feedback_lin_sfun_registry.obj
 0001:0000cc20       _ssFatalError              000000018000dc20 f   sim_feedback_lin_sfun_registry.obj
 0001:0000ccf0       _ProcessMexSfunctionCmdLineCall 000000018000dcf0 f   sim_feedback_lin_sfun_registry.obj
 0001:0000da10       $$000000                   000000018000ea10     MSVCRT:amdsecgs.obj
 0001:0000da6c       pre_c_init                 000000018000ea6c f   MSVCRT:crtdll.obj
 0001:0000dd64       __DllMainCRTStartup        000000018000ed64 f   MSVCRT:crtdll.obj
 0001:0000e280       __DllMainCRTStartup$filt$0 000000018000f280 f   MSVCRT:crtdll.obj
 0001:0000e2a5       __DllMainCRTStartup$fin$1  000000018000f2a5 f   MSVCRT:crtdll.obj
 0001:0000e2c0       _IsNonwritableInCurrentImage$filt$0 000000018000f2c0 f   MSVCRT:pesect.obj
 0001:0000e2e0       _onexit$fin$0              000000018000f2e0 f   MSVCRT:atonexit.obj
 0002:00000480       pcinit                     0000000180010480     MSVCRT:crtdll.obj
 0002:00000488       pinit                      0000000180010488     MSVCRT:atonexit.obj
 0002:00000ae8       GS_ExceptionPointers       0000000180010ae8     MSVCRT:gs_report.obj
 0002:00000bb0       $unwind$load_sim_feedback_lin_optimization_info 0000000180010bb0     sim_feedback_lin_sfun.obj
 0002:00000bb8       $unwind$unload_sim_feedback_lin_optimization_info 0000000180010bb8     sim_feedback_lin_sfun.obj
 0002:00000bc0       $unwind$sf_sim_feedback_lin_method_dispatcher 0000000180010bc0     sim_feedback_lin_sfun.obj
 0002:00000bc8       $unwind$sf_sim_feedback_lin_uses_exported_functions 0000000180010bc8     sim_feedback_lin_sfun.obj
 0002:00000bd0       $unwind$sf_sim_feedback_lin_process_check_sum_call 0000000180010bd0     sim_feedback_lin_sfun.obj
 0002:00000be0       $unwind$sf_sim_feedback_lin_autoinheritance_info 0000000180010be0     sim_feedback_lin_sfun.obj
 0002:00000bf0       $unwind$sf_sim_feedback_lin_get_eml_resolved_functions_info 0000000180010bf0     sim_feedback_lin_sfun.obj
 0002:00000c00       $unwind$sf_sim_feedback_lin_third_party_uses_info 0000000180010c00     sim_feedback_lin_sfun.obj
 0002:00000c10       $unwind$sf_sim_feedback_lin_jit_fallback_info 0000000180010c10     sim_feedback_lin_sfun.obj
 0002:00000c20       $unwind$sf_sim_feedback_lin_updateBuildInfo_args_info 0000000180010c20     sim_feedback_lin_sfun.obj
 0002:00000c30       $unwind$sf_sim_feedback_lin_get_post_codegen_info 0000000180010c30     sim_feedback_lin_sfun.obj
 0002:00000c40       $unwind$sim_feedback_lin_debug_initialize 0000000180010c40     sim_feedback_lin_sfun.obj
 0002:00000c48       $unwind$sf_c1_sim_feedback_lin_get_eml_resolved_functions_info 0000000180010c48     c1_sim_feedback_lin.obj
 0002:00000c50       $unwind$sf_c1_sim_feedback_lin_get_check_sum 0000000180010c50     c1_sim_feedback_lin.obj
 0002:00000c58       $unwind$c1_sim_feedback_lin_method_dispatcher 0000000180010c58     c1_sim_feedback_lin.obj
 0002:00000c60       $unwind$chart_debug_initialization 0000000180010c60     c1_sim_feedback_lin.obj
 0002:00000c68       $unwind$chart_debug_initialize_data_addresses 0000000180010c68     c1_sim_feedback_lin.obj
 0002:00000c70       $unwind$initialize_c1_sim_feedback_lin 0000000180010c70     c1_sim_feedback_lin.obj
 0002:00000c78       $unwind$enable_c1_sim_feedback_lin 0000000180010c78     c1_sim_feedback_lin.obj
 0002:00000c80       $unwind$disable_c1_sim_feedback_lin 0000000180010c80     c1_sim_feedback_lin.obj
 0002:00000c88       $unwind$get_sim_state_c1_sim_feedback_lin 0000000180010c88     c1_sim_feedback_lin.obj
 0002:00000c90       $unwind$set_sim_state_c1_sim_feedback_lin 0000000180010c90     c1_sim_feedback_lin.obj
 0002:00000c98       $unwind$sf_gateway_c1_sim_feedback_lin 0000000180010c98     c1_sim_feedback_lin.obj
 0002:00000cac       $unwind$init_script_number_translation 0000000180010cac     c1_sim_feedback_lin.obj
 0002:00000cb4       $unwind$c1_sf_marshallOut  0000000180010cb4     c1_sim_feedback_lin.obj
 0002:00000cbc       $unwind$c1_emlrt_marshallIn 0000000180010cbc     c1_sim_feedback_lin.obj
 0002:00000cc4       $unwind$c1_b_emlrt_marshallIn 0000000180010cc4     c1_sim_feedback_lin.obj
 0002:00000ccc       $unwind$c1_sf_marshallIn   0000000180010ccc     c1_sim_feedback_lin.obj
 0002:00000cd4       $unwind$c1_b_sf_marshallOut 0000000180010cd4     c1_sim_feedback_lin.obj
 0002:00000cdc       $unwind$c1_c_sf_marshallOut 0000000180010cdc     c1_sim_feedback_lin.obj
 0002:00000ce4       $unwind$c1_c_emlrt_marshallIn 0000000180010ce4     c1_sim_feedback_lin.obj
 0002:00000cec       $unwind$c1_b_sf_marshallIn 0000000180010cec     c1_sim_feedback_lin.obj
 0002:00000cf4       $unwind$c1_d_sf_marshallOut 0000000180010cf4     c1_sim_feedback_lin.obj
 0002:00000d08       $unwind$c1_info_helper     0000000180010d08     c1_sim_feedback_lin.obj
 0002:00000d10       $unwind$c1_emlrt_marshallOut 0000000180010d10     c1_sim_feedback_lin.obj
 0002:00000d18       $unwind$c1_b_emlrt_marshallOut 0000000180010d18     c1_sim_feedback_lin.obj
 0002:00000d20       $unwind$c1_e_emlrt_marshallIn 0000000180010d20     c1_sim_feedback_lin.obj
 0002:00000d28       $unwind$c1_f_emlrt_marshallIn 0000000180010d28     c1_sim_feedback_lin.obj
 0002:00000d30       $unwind$init_simulink_io_address 0000000180010d30     c1_sim_feedback_lin.obj
 0002:00000d38       $unwind$sf_c1_sim_feedback_lin_get_post_codegen_info 0000000180010d38     c1_sim_feedback_lin.obj
 0002:00000d40       $unwind$sf_c1_sim_feedback_lin_get_autoinheritance_info 0000000180010d40     c1_sim_feedback_lin.obj
 0002:00000d50       $unwind$sf_c1_sim_feedback_lin_third_party_uses_info 0000000180010d50     c1_sim_feedback_lin.obj
 0002:00000d58       $unwind$sf_c1_sim_feedback_lin_jit_fallback_info 0000000180010d58     c1_sim_feedback_lin.obj
 0002:00000d68       $unwind$sf_c1_sim_feedback_lin_updateBuildInfo_args_info 0000000180010d68     c1_sim_feedback_lin.obj
 0002:00000d70       $unwind$sf_get_sim_state_info_c1_sim_feedback_lin 0000000180010d70     c1_sim_feedback_lin.obj
 0002:00000d78       $unwind$sf_opaque_initialize_c1_sim_feedback_lin 0000000180010d78     c1_sim_feedback_lin.obj
 0002:00000d80       $unwind$sf_opaque_enable_c1_sim_feedback_lin 0000000180010d80     c1_sim_feedback_lin.obj
 0002:00000d88       $unwind$sf_opaque_disable_c1_sim_feedback_lin 0000000180010d88     c1_sim_feedback_lin.obj
 0002:00000d90       $unwind$sf_opaque_gateway_c1_sim_feedback_lin 0000000180010d90     c1_sim_feedback_lin.obj
 0002:00000d98       $unwind$sf_opaque_get_sim_state_c1_sim_feedback_lin 0000000180010d98     c1_sim_feedback_lin.obj
 0002:00000da0       $unwind$sf_opaque_set_sim_state_c1_sim_feedback_lin 0000000180010da0     c1_sim_feedback_lin.obj
 0002:00000da8       $unwind$sf_opaque_terminate_c1_sim_feedback_lin 0000000180010da8     c1_sim_feedback_lin.obj
 0002:00000db0       $unwind$mdlProcessParameters_c1_sim_feedback_lin 0000000180010db0     c1_sim_feedback_lin.obj
 0002:00000db8       $unwind$mdlSetWorkWidths_c1_sim_feedback_lin 0000000180010db8     c1_sim_feedback_lin.obj
 0002:00000dc0       $unwind$mdlRTW_c1_sim_feedback_lin 0000000180010dc0     c1_sim_feedback_lin.obj
 0002:00000dc8       $unwind$mdlStart_c1_sim_feedback_lin 0000000180010dc8     c1_sim_feedback_lin.obj
 0002:00000dd0       $unwind$mexFunction        0000000180010dd0     sim_feedback_lin_sfun_registry.obj
 0002:00000dd8       $unwind$_ssSetInputPortDirectFeedThroughFcn 0000000180010dd8     sim_feedback_lin_sfun_registry.obj
 0002:00000de0       $unwind$_ssGetInputPortSignalPtrsFcn 0000000180010de0     sim_feedback_lin_sfun_registry.obj
 0002:00000de8       $unwind$_ssGetInputPortSignalFcn 0000000180010de8     sim_feedback_lin_sfun_registry.obj
 0002:00000df0       $unwind$_ssSetInputPortReusableFcn 0000000180010df0     sim_feedback_lin_sfun_registry.obj
 0002:00000e00       $unwind$_ssSetOutputPortReusableFcn 0000000180010e00     sim_feedback_lin_sfun_registry.obj
 0002:00000e10       $unwind$_ssSetSymbolicDimsSupport 0000000180010e10     sim_feedback_lin_sfun_registry.obj
 0002:00000e18       $unwind$_ssRegisterSymbolicDimsExpr 0000000180010e18     sim_feedback_lin_sfun_registry.obj
 0002:00000e20       $unwind$_ssRegisterSymbolicDims 0000000180010e20     sim_feedback_lin_sfun_registry.obj
 0002:00000e28       $unwind$_ssRegisterSymbolicDimsString 0000000180010e28     sim_feedback_lin_sfun_registry.obj
 0002:00000e30       $unwind$_ssRegisterSymbolicDimsIntValue 0000000180010e30     sim_feedback_lin_sfun_registry.obj
 0002:00000e38       $unwind$_ssRegisterSymbolicDimsPlus 0000000180010e38     sim_feedback_lin_sfun_registry.obj
 0002:00000e40       $unwind$_ssRegisterSymbolicDimsMinus 0000000180010e40     sim_feedback_lin_sfun_registry.obj
 0002:00000e48       $unwind$_ssRegisterSymbolicDimsMultiply 0000000180010e48     sim_feedback_lin_sfun_registry.obj
 0002:00000e50       $unwind$_ssRegisterSymbolicDimsDivide 0000000180010e50     sim_feedback_lin_sfun_registry.obj
 0002:00000e58       $unwind$_ssGetNumSymbolicDims 0000000180010e58     sim_feedback_lin_sfun_registry.obj
 0002:00000e60       $unwind$_ssGetSymbolicDim  0000000180010e60     sim_feedback_lin_sfun_registry.obj
 0002:00000e68       $unwind$_ssSetInputPortSymbolicDimsId 0000000180010e68     sim_feedback_lin_sfun_registry.obj
 0002:00000e70       $unwind$_ssGetCompInputPortSymbolicDimsId 0000000180010e70     sim_feedback_lin_sfun_registry.obj
 0002:00000e78       $unwind$_ssSetCompInputPortSymbolicDimsId 0000000180010e78     sim_feedback_lin_sfun_registry.obj
 0002:00000e80       $unwind$_ssSetOutputPortSymbolicDimsId 0000000180010e80     sim_feedback_lin_sfun_registry.obj
 0002:00000e88       $unwind$_ssGetCompOutputPortSymbolicDimsId 0000000180010e88     sim_feedback_lin_sfun_registry.obj
 0002:00000e90       $unwind$_ssSetCompOutputPortSymbolicDimsId 0000000180010e90     sim_feedback_lin_sfun_registry.obj
 0002:00000e98       $unwind$_ssSetCompDWorkSymbolicDimsId 0000000180010e98     sim_feedback_lin_sfun_registry.obj
 0002:00000ea0       $unwind$ssGetIsZeroCrossControlDisabled 0000000180010ea0     sim_feedback_lin_sfun_registry.obj
 0002:00000ea8       $unwind$ssSetIsInputPortUsedForContZcSignal 0000000180010ea8     sim_feedback_lin_sfun_registry.obj
 0002:00000eb0       $unwind$ssSetZcSignalIsZcElementDisc 0000000180010eb0     sim_feedback_lin_sfun_registry.obj
 0002:00000ec0       $unwind$ssSetZcSignalName  0000000180010ec0     sim_feedback_lin_sfun_registry.obj
 0002:00000ec8       $unwind$ssSetZcSignalWidth 0000000180010ec8     sim_feedback_lin_sfun_registry.obj
 0002:00000ed0       $unwind$ssSetZcSignalZcEventType 0000000180010ed0     sim_feedback_lin_sfun_registry.obj
 0002:00000ed8       $unwind$ssSetZcSignalType  0000000180010ed8     sim_feedback_lin_sfun_registry.obj
 0002:00000ee0       $unwind$ssSetZcSignalZcTol 0000000180010ee0     sim_feedback_lin_sfun_registry.obj
 0002:00000ee8       $unwind$ssSetZcSignalNeedsEventNotification 0000000180010ee8     sim_feedback_lin_sfun_registry.obj
 0002:00000ef0       $unwind$ssCreateAndAddZcSignalInfo 0000000180010ef0     sim_feedback_lin_sfun_registry.obj
 0002:00000ef8       $unwind$ssCloneAndAddZcSignalInfo 0000000180010ef8     sim_feedback_lin_sfun_registry.obj
 0002:00000f00       $unwind$ssGetNumZcSignals  0000000180010f00     sim_feedback_lin_sfun_registry.obj
 0002:00000f08       $unwind$ssGetZcSignalVector 0000000180010f08     sim_feedback_lin_sfun_registry.obj
 0002:00000f10       $unwind$ssGetZcSignalName  0000000180010f10     sim_feedback_lin_sfun_registry.obj
 0002:00000f18       $unwind$ssGetZcSignalWidth 0000000180010f18     sim_feedback_lin_sfun_registry.obj
 0002:00000f20       $unwind$ssGetZcSignalZcEventType 0000000180010f20     sim_feedback_lin_sfun_registry.obj
[...]
 0004:0000006c       $pdata$sf_sim_feedback_lin_updateBuildInfo_args_info 000000018001606c     sim_feedback_lin_sfun.obj
 0004:00000078       $pdata$sf_sim_feedback_lin_get_post_codegen_info 0000000180016078     sim_feedback_lin_sfun.obj
 0004:00000084       $pdata$sim_feedback_lin_debug_initialize 0000000180016084     sim_feedback_lin_sfun.obj
 0004:00000090       $pdata$sf_c1_sim_feedback_lin_get_eml_resolved_functions_info 0000000180016090     c1_sim_feedback_lin.obj
 0004:0000009c       $pdata$sf_c1_sim_feedback_lin_get_check_sum 000000018001609c     c1_sim_feedback_lin.obj
 0004:000000a8       $pdata$c1_sim_feedback_lin_method_dispatcher 00000001800160a8     c1_sim_feedback_lin.obj
 0004:000000b4       $pdata$chart_debug_initialization 00000001800160b4     c1_sim_feedback_lin.obj
 0004:000000c0       $pdata$chart_debug_initialize_data_addresses 00000001800160c0     c1_sim_feedback_lin.obj
 0004:000000cc       $pdata$initialize_c1_sim_feedback_lin 00000001800160cc     c1_sim_feedback_lin.obj
 0004:000000d8       $pdata$enable_c1_sim_feedback_lin 00000001800160d8     c1_sim_feedback_lin.obj
 0004:000000e4       $pdata$disable_c1_sim_feedback_lin 00000001800160e4     c1_sim_feedback_lin.obj
 0004:000000f0       $pdata$get_sim_state_c1_sim_feedback_lin 00000001800160f0     c1_sim_feedback_lin.obj
 0004:000000fc       $pdata$set_sim_state_c1_sim_feedback_lin 00000001800160fc     c1_sim_feedback_lin.obj
 0004:00000108       $pdata$sf_gateway_c1_sim_feedback_lin 0000000180016108     c1_sim_feedback_lin.obj
 0004:00000114       $pdata$init_script_number_translation 0000000180016114     c1_sim_feedback_lin.obj
 0004:00000120       $pdata$c1_sf_marshallOut   0000000180016120     c1_sim_feedback_lin.obj
 0004:0000012c       $pdata$c1_emlrt_marshallIn 000000018001612c     c1_sim_feedback_lin.obj
 0004:00000138       $pdata$c1_b_emlrt_marshallIn 0000000180016138     c1_sim_feedback_lin.obj
 0004:00000144       $pdata$c1_sf_marshallIn    0000000180016144     c1_sim_feedback_lin.obj
 0004:00000150       $pdata$c1_b_sf_marshallOut 0000000180016150     c1_sim_feedback_lin.obj
 0004:0000015c       $pdata$c1_c_sf_marshallOut 000000018001615c     c1_sim_feedback_lin.obj
 0004:00000168       $pdata$c1_c_emlrt_marshallIn 0000000180016168     c1_sim_feedback_lin.obj
 0004:00000174       $pdata$c1_b_sf_marshallIn  0000000180016174     c1_sim_feedback_lin.obj
 0004:00000180       $pdata$c1_d_sf_marshallOut 0000000180016180     c1_sim_feedback_lin.obj
 0004:0000018c       $pdata$c1_info_helper      000000018001618c     c1_sim_feedback_lin.obj
 0004:00000198       $pdata$c1_emlrt_marshallOut 0000000180016198     c1_sim_feedback_lin.obj
 0004:000001a4       $pdata$c1_b_emlrt_marshallOut 00000001800161a4     c1_sim_feedback_lin.obj
 0004:000001b0       $pdata$c1_e_emlrt_marshallIn 00000001800161b0     c1_sim_feedback_lin.obj
 0004:000001bc       $pdata$c1_f_emlrt_marshallIn 00000001800161bc     c1_sim_feedback_lin.obj
 0004:000001c8       $pdata$init_simulink_io_address 00000001800161c8     c1_sim_feedback_lin.obj
 0004:000001d4       $pdata$sf_c1_sim_feedback_lin_get_post_codegen_info 00000001800161d4     c1_sim_feedback_lin.obj
 0004:000001e0       $pdata$sf_c1_sim_feedback_lin_get_autoinheritance_info 00000001800161e0     c1_sim_feedback_lin.obj
 0004:000001ec       $pdata$sf_c1_sim_feedback_lin_third_party_uses_info 00000001800161ec     c1_sim_feedback_lin.obj
 0004:000001f8       $pdata$sf_c1_sim_feedback_lin_jit_fallback_info 00000001800161f8     c1_sim_feedback_lin.obj
 0004:00000204       $pdata$sf_c1_sim_feedback_lin_updateBuildInfo_args_info 0000000180016204     c1_sim_feedback_lin.obj
 0004:00000210       $pdata$sf_get_sim_state_info_c1_sim_feedback_lin 0000000180016210     c1_sim_feedback_lin.obj
 0004:0000021c       $pdata$sf_opaque_initialize_c1_sim_feedback_lin 000000018001621c     c1_sim_feedback_lin.obj
 0004:00000228       $pdata$sf_opaque_enable_c1_sim_feedback_lin 0000000180016228     c1_sim_feedback_lin.obj
 0004:00000234       $pdata$sf_opaque_disable_c1_sim_feedback_lin 0000000180016234     c1_sim_feedback_lin.obj
 0004:00000240       $pdata$sf_opaque_gateway_c1_sim_feedback_lin 0000000180016240     c1_sim_feedback_lin.obj
 0004:0000024c       $pdata$sf_opaque_get_sim_state_c1_sim_feedback_lin 000000018001624c     c1_sim_feedback_lin.obj
 0004:00000258       $pdata$sf_opaque_set_sim_state_c1_sim_feedback_lin 0000000180016258     c1_sim_feedback_lin.obj
 0004:00000264       $pdata$sf_opaque_terminate_c1_sim_feedback_lin 0000000180016264     c1_sim_feedback_lin.obj
 0004:00000270       $pdata$mdlProcessParameters_c1_sim_feedback_lin 0000000180016270     c1_sim_feedback_lin.obj
 0004:0000027c       $pdata$mdlSetWorkWidths_c1_sim_feedback_lin 000000018001627c     c1_sim_feedback_lin.obj
 0004:00000288       $pdata$mdlRTW_c1_sim_feedback_lin 0000000180016288     c1_sim_feedback_lin.obj
 0004:00000294       $pdata$mdlStart_c1_sim_feedback_lin 0000000180016294     c1_sim_feedback_lin.obj
 0004:000002a0       $pdata$mexFunction         00000001800162a0     sim_feedback_lin_sfun_registry.obj
 0004:000002ac       $pdata$_ssSetInputPortDirectFeedThroughFcn 00000001800162ac     sim_feedback_lin_sfun_registry.obj
 0004:000002b8       $pdata$_ssGetInputPortSignalPtrsFcn 00000001800162b8     sim_feedback_lin_sfun_registry.obj
 0004:000002c4       $pdata$_ssGetInputPortSignalFcn 00000001800162c4     sim_feedback_lin_sfun_registry.obj
 0004:000002d0       $pdata$_ssSetInputPortReusableFcn 00000001800162d0     sim_feedback_lin_sfun_registry.obj
 0004:000002dc       $pdata$_ssSetOutputPortReusableFcn 00000001800162dc     sim_feedback_lin_sfun_registry.obj
 0004:000002e8       $pdata$_ssSetSymbolicDimsSupport 00000001800162e8     sim_feedback_lin_sfun_registry.obj
 0004:000002f4       $pdata$_ssRegisterSymbolicDimsExpr 00000001800162f4     sim_feedback_lin_sfun_registry.obj
 0004:00000300       $pdata$_ssRegisterSymbolicDims 0000000180016300     sim_feedback_lin_sfun_registry.obj
 0004:0000030c       $pdata$_ssRegisterSymbolicDimsString 000000018001630c     sim_feedback_lin_sfun_registry.obj
 0004:00000318       $pdata$_ssRegisterSymbolicDimsIntValue 0000000180016318     sim_feedback_lin_sfun_registry.obj
 0004:00000324       $pdata$_ssRegisterSymbolicDimsPlus 0000000180016324     sim_feedback_lin_sfun_registry.obj
 0004:00000330       $pdata$_ssRegisterSymbolicDimsMinus 0000000180016330     sim_feedback_lin_sfun_registry.obj
 0004:0000033c       $pdata$_ssRegisterSymbolicDimsMultiply 000000018001633c     sim_feedback_lin_sfun_registry.obj
 0004:00000348       $pdata$_ssRegisterSymbolicDimsDivide 0000000180016348     sim_feedback_lin_sfun_registry.obj
 0004:00000354       $pdata$_ssGetNumSymbolicDims 0000000180016354     sim_feedback_lin_sfun_registry.obj
 0004:00000360       $pdata$_ssGetSymbolicDim   0000000180016360     sim_feedback_lin_sfun_registry.obj
 0004:0000036c       $pdata$_ssSetInputPortSymbolicDimsId 000000018001636c     sim_feedback_lin_sfun_registry.obj
 0004:00000378       $pdata$_ssGetCompInputPortSymbolicDimsId 0000000180016378     sim_feedback_lin_sfun_registry.obj
 0004:00000384       $pdata$_ssSetCompInputPortSymbolicDimsId 0000000180016384     sim_feedback_lin_sfun_registry.obj
 0004:00000390       $pdata$_ssSetOutputPortSymbolicDimsId 0000000180016390     sim_feedback_lin_sfun_registry.obj
 0004:0000039c       $pdata$_ssGetCompOutputPortSymbolicDimsId 000000018001639c     sim_feedback_lin_sfun_registry.obj
 0004:000003a8       $pdata$_ssSetCompOutputPortSymbolicDimsId 00000001800163a8     sim_feedback_lin_sfun_registry.obj
 0004:000003b4       $pdata$_ssSetCompDWorkSymbolicDimsId 00000001800163b4     sim_feedback_lin_sfun_registry.obj
 0004:000003c0       $pdata$ssGetIsZeroCrossControlDisabled 00000001800163c0     sim_feedback_lin_sfun_registry.obj
 0004:000003cc       $pdata$ssSetIsInputPortUsedForContZcSignal 00000001800163cc     sim_feedback_lin_sfun_registry.obj
 0004:000003d8       $pdata$ssSetZcSignalIsZcElementDisc 00000001800163d8     sim_feedback_lin_sfun_registry.obj
 0004:000003e4       $pdata$ssSetZcSignalName   00000001800163e4     sim_feedback_lin_sfun_registry.obj
 0004:000003f0       $pdata$ssSetZcSignalWidth  00000001800163f0     sim_feedback_lin_sfun_registry.obj
 0004:000003fc       $pdata$ssSetZcSignalZcEventType 00000001800163fc     sim_feedback_lin_sfun_registry.obj
 0004:00000408       $pdata$ssSetZcSignalType   0000000180016408     sim_feedback_lin_sfun_registry.obj
 0004:00000414       $pdata$ssSetZcSignalZcTol  0000000180016414     sim_feedback_lin_sfun_registry.obj
 0004:00000420       $pdata$ssSetZcSignalNeedsEventNotification 0000000180016420     sim_feedback_lin_sfun_registry.obj
 0004:0000042c       $pdata$ssCreateAndAddZcSignalInfo 000000018001642c     sim_feedback_lin_sfun_registry.obj
 0004:00000438       $pdata$ssCloneAndAddZcSignalInfo 0000000180016438     sim_feedback_lin_sfun_registry.obj
 0004:00000444       $pdata$ssGetNumZcSignals   0000000180016444     sim_feedback_lin_sfun_registry.obj
 0004:00000450       $pdata$ssGetZcSignalVector 0000000180016450     sim_feedback_lin_sfun_registry.obj
 0004:0000045c       $pdata$ssGetZcSignalName   000000018001645c     sim_feedback_lin_sfun_registry.obj
 0004:00000468       $pdata$ssGetZcSignalWidth  0000000180016468     sim_feedback_lin_sfun_registry.obj
 0004:00000474       $pdata$ssGetZcSignalZcEventType 0000000180016474     sim_feedback_lin_sfun_registry.obj
 0004:00000480       $pdata$ssGetZcSignalZcEvents 0000000180016480     sim_feedback_lin_sfun_registry.obj
 0004:0000048c       $pdata$ssGetZcSignalType   000000018001648c     sim_feedback_lin_sfun_registry.obj
 0004:00000498       $pdata$ssGetZcSignalZcTol  0000000180016498     sim_feedback_lin_sfun_registry.obj
 0004:000004a4       $pdata$ssGetZcSignalNeedsEventNotification 00000001800164a4     sim_feedback_lin_sfun_registry.obj
 0004:000004b0       $pdata$ssGetZcSignalIsZcElementDisc 00000001800164b0     sim_feedback_lin_sfun_registry.obj
 0004:000004bc       $pdata$ssGetIsInputPortElementContinuous 00000001800164bc     sim_feedback_lin_sfun_registry.obj
 0004:000004c8       $pdata$ssGetDTypeIdFromMxArray 00000001800164c8     sim_feedback_lin_sfun_registry.obj
 0004:000004d4       $pdata$ssWriteRTWStr       00000001800164d4     sim_feedback_lin_sfun_registry.obj
 0004:000004e0       $pdata$ssWriteRTWNameValuePair 00000001800164e0     sim_feedback_lin_sfun_registry.obj
 0004:000004ec       $pdata$ssWriteRTWParamSettings 00000001800164ec     sim_feedback_lin_sfun_registry.obj
 0004:000004f8       $pdata$ssWriteRTWParameters 00000001800164f8     sim_feedback_lin_sfun_registry.obj
 0004:00000504       $pdata$ssWriteRTWWorkVect  0000000180016504     sim_feedback_lin_sfun_registry.obj
 0004:00000510       $pdata$ssWriteRTWMxVectParam 0000000180016510     sim_feedback_lin_sfun_registry.obj
 0004:0000051c       $pdata$ssWriteRTWMx2dMatParam 000000018001651c     sim_feedback_lin_sfun_registry.obj
 0004:00000528       $pdata$_ssSetInputPortMatrixDimensions 0000000180016528     sim_feedback_lin_sfun_registry.obj
 0004:00000534       $pdata$_ssSetOutputPortMatrixDimensions 0000000180016534     sim_feedback_lin_sfun_registry.obj
 0004:00000540       $pdata$_ssSetInputPortVectorDimension 0000000180016540     sim_feedback_lin_sfun_registry.obj
 0004:0000054c       $pdata$_ssSetOutputPortVectorDimension 000000018001654c     sim_feedback_lin_sfun_registry.obj
 0004:00000558       $pdata$ssIsRunTimeParamTunable 0000000180016558     sim_feedback_lin_sfun_registry.obj
 0004:00000564       $pdata$ssGetSFuncBlockHandle 0000000180016564     sim_feedback_lin_sfun_registry.obj
 0004:00000570       $pdata$_ssGetCurrentInputPortWidth 0000000180016570     sim_feedback_lin_sfun_registry.obj
 0004:0000057c       $pdata$_ssGetCurrentOutputPortWidth 000000018001657c     sim_feedback_lin_sfun_registry.obj
 0004:00000588       $pdata$_ssGetCallSystemNumFcnCallDestinations 0000000180016588     sim_feedback_lin_sfun_registry.obj
 0004:00000594       $pdata$ssWarning           0000000180016594     sim_feedback_lin_sfun_registry.obj
 0004:000005a0       $pdata$_ssGetAbsTol        00000001800165a0     sim_feedback_lin_sfun_registry.obj
 0004:000005ac       $pdata$sf_process_check_sum_call 00000001800165ac     sim_feedback_lin_sfun_registry.obj
 0004:000005b8       $pdata$sf_process_machine_uses_exported_functions_call 00000001800165b8     sim_feedback_lin_sfun_registry.obj
 0004:000005c4       $pdata$sf_process_autoinheritance_call 00000001800165c4     sim_feedback_lin_sfun_registry.obj
 0004:000005d0       $pdata$sf_process_get_third_party_uses_info_call 00000001800165d0     sim_feedback_lin_sfun_registry.obj
 0004:000005dc       $pdata$sf_process_get_jit_fallback_info_call 00000001800165dc     sim_feedback_lin_sfun_registry.obj
 0004:000005e8       $pdata$sf_process_get_updateBuildInfo_args_info_call 00000001800165e8     sim_feedback_lin_sfun_registry.obj
 0004:000005f4       $pdata$sf_process_get_eml_resolved_functions_info_call 00000001800165f4     sim_feedback_lin_sfun_registry.obj
 0004:00000600       $pdata$sf_process_get_post_codegen_info 0000000180016600     sim_feedback_lin_sfun_registry.obj
 0004:0000060c       $pdata$sf_mex_unlock_call  000000018001660c     sim_feedback_lin_sfun_registry.obj
 0004:00000618       $pdata$sf_debug_api_wrapper 0000000180016618     sim_feedback_lin_sfun_registry.obj
 0004:00000624       $pdata$ProcessMexSfunctionCmdLineCall 0000000180016624     sim_feedback_lin_sfun_registry.obj
 0004:00000630       $pdata$sf_machine_global_initializer_called 0000000180016630     sim_feedback_lin_sfun_registry.obj
 0004:0000063c       $pdata$sf_machine_global_method_dispatcher 000000018001663c     sim_feedback_lin_sfun_registry.obj
 0004:00000648       $pdata$sf_machine_global_terminator 0000000180016648     sim_feedback_lin_sfun_registry.obj
 0004:00000654       $pdata$sf_register_machine_exported_symbols 0000000180016654     sim_feedback_lin_sfun_registry.obj
 0004:00000660       $pdata$sf_machine_global_initializer 0000000180016660     sim_feedback_lin_sfun_registry.obj
 0004:0000066c       $pdata$getChartInfoFromSimStruct 000000018001666c     sim_feedback_lin_sfun_registry.obj
 0004:00000678       $pdata$mdlGetSimState      0000000180016678     sim_feedback_lin_sfun_registry.obj
 0004:00000684       $pdata$mdlSetSimState      0000000180016684     sim_feedback_lin_sfun_registry.obj
 0004:00000690       $pdata$mdlSetWorkWidths    0000000180016690     sim_feedback_lin_sfun_registry.obj
 0004:0000069c       $pdata$mdlProcessParameters 000000018001669c     sim_feedback_lin_sfun_registry.obj
 0004:000006a8       $pdata$mdl_start_processing 00000001800166a8     sim_feedback_lin_sfun_registry.obj
 0004:000006b4       $pdata$mdl_terminate_processing 00000001800166b4     sim_feedback_lin_sfun_registry.obj
 0004:000006c0       $pdata$mdlStart            00000001800166c0     sim_feedback_lin_sfun_registry.obj
 0004:000006cc       $pdata$mdlTerminate        00000001800166cc     sim_feedback_lin_sfun_registry.obj
 0004:000006d8       $pdata$mdlInitializeSizes  00000001800166d8     sim_feedback_lin_sfun_registry.obj
 0004:000006e4       $pdata$mdlInitializeSampleTimes 00000001800166e4     sim_feedback_lin_sfun_registry.obj
 0004:000006f0       $pdata$mdl_outputs_continuous_legacy 00000001800166f0     sim_feedback_lin_sfun_registry.obj
 0004:000006fc       $pdata$mdl_outputs_processing 00000001800166fc     sim_feedback_lin_sfun_registry.obj
 0004:00000708       $pdata$mdl_zeroCrossings_processing 0000000180016708     sim_feedback_lin_sfun_registry.obj
 0004:00000714       $pdata$mdlZeroCrossings    0000000180016714     sim_feedback_lin_sfun_registry.obj
 0004:00000720       $pdata$mdl_derivatives_processing 0000000180016720     sim_feedback_lin_sfun_registry.obj
 0004:0000072c       $pdata$mdlDerivatives      000000018001672c     sim_feedback_lin_sfun_registry.obj
 0004:00000738       $pdata$mdl_initialize_conditions_processing 0000000180016738     sim_feedback_lin_sfun_registry.obj
 0004:00000744       $pdata$mdlInitializeConditions 0000000180016744     sim_feedback_lin_sfun_registry.obj
 0004:00000750       $pdata$mdl_ext_mode_exec_processing 0000000180016750     sim_feedback_lin_sfun_registry.obj
 0004:0000075c       $pdata$mdlExtModeExec      000000018001675c     sim_feedback_lin_sfun_registry.obj
 0004:00000768       $pdata$mdlRTW              0000000180016768     sim_feedback_lin_sfun_registry.obj
 0004:00000774       $pdata$mdl_enable_processing 0000000180016774     sim_feedback_lin_sfun_registry.obj
 0004:00000780       $pdata$mdlEnable           0000000180016780     sim_feedback_lin_sfun_registry.obj
 0004:0000078c       $pdata$mdl_disable_processing 000000018001678c     sim_feedback_lin_sfun_registry.obj
 0004:00000798       $pdata$mdlDisable          0000000180016798     sim_feedback_lin_sfun_registry.obj
 0004:000007a4       $pdata$mdlOutputs          00000001800167a4     sim_feedback_lin_sfun_registry.obj
 0004:000007b0       $pdata$mdl_update_processing 00000001800167b0     sim_feedback_lin_sfun_registry.obj
 0004:000007bc       $pdata$mdlUpdate           00000001800167bc     sim_feedback_lin_sfun_registry.obj
 0004:000007c8       $pdata$ProcessMexSfunctionEveryCall 00000001800167c8     sim_feedback_lin_sfun_registry.obj
 0004:000007d4       $pdata$_RegNumInputPortsCB 00000001800167d4     sim_feedback_lin_sfun_registry.obj
 0004:000007e0       $pdata$_RegNumOutputPortsCB 00000001800167e0     sim_feedback_lin_sfun_registry.obj
 0004:000007ec       $pdata$_CreateSimStruct    00000001800167ec     sim_feedback_lin_sfun_registry.obj
 0004:000007f8       $pdata$_ssFatalError       00000001800167f8     sim_feedback_lin_sfun_registry.obj
 0004:00000804       $pdata$_ProcessMexSfunctionCmdLineCall 0000000180016804     sim_feedback_lin_sfun_registry.obj
 0004:00000810       $pdata$__raise_securityfailure 0000000180016810     MSVCRT:gs_report.obj
 0004:0000081c       $pdata$__report_gsfailure  000000018001681c     MSVCRT:gs_report.obj
 0004:00000828       $pdata$__report_rangecheckfailure 0000000180016828     MSVCRT:gs_report.obj
 0004:00000834       $pdata$__report_securityfailure 0000000180016834     MSVCRT:gs_report.obj
 0004:00000840       $pdata$__report_securityfailureEx 0000000180016840     MSVCRT:gs_report.obj
 0004:0000084c       $pdata$__GSHandlerCheck    000000018001684c     MSVCRT:gshandler.obj
 0004:00000858       $pdata$__GSHandlerCheckCommon 0000000180016858     MSVCRT:gshandler.obj
 0004:00000870       $pdata$pre_c_init          0000000180016870     MSVCRT:crtdll.obj
 0004:0000087c       $pdata$_CRT_INIT           000000018001687c     MSVCRT:crtdll.obj
 0004:00000888       $pdata$_DllMainCRTStartup  0000000180016888     MSVCRT:crtdll.obj
 0004:00000894       $pdata$__DllMainCRTStartup 0000000180016894     MSVCRT:crtdll.obj
 0004:000008a0       $pdata$_IsNonwritableInCurrentImage 00000001800168a0     MSVCRT:pesect.obj
 0004:000008ac       $pdata$__atonexitinit      00000001800168ac     MSVCRT:atonexit.obj
 0004:000008b8       $pdata$_onexit             00000001800168b8     MSVCRT:atonexit.obj
 0004:000008c4       $pdata$atexit              00000001800168c4     MSVCRT:atonexit.obj
 0004:000008d0       $pdata$__security_init_cookie 00000001800168d0     MSVCRT:gs_support.obj
 0004:000008dc       $pdata$DllMain             00000001800168dc     MSVCRT:dllmain.obj
 0004:000008e8       $pdata$_RTC_Initialize     00000001800168e8     MSVCRT:initsect.obj
 0004:000008f4       $pdata$_RTC_Terminate      00000001800168f4     MSVCRT:initsect.obj
 0004:00000900       $pdata$__DllMainCRTStartup$filt$0 0000000180016900     MSVCRT:crtdll.obj
 0004:0000090c       $pdata$__DllMainCRTStartup$fin$1 000000018001690c     MSVCRT:crtdll.obj
 0004:00000918       $pdata$_IsNonwritableInCurrentImage$filt$0 0000000180016918     MSVCRT:pesect.obj
 0004:00000924       $pdata$_onexit$fin$0       0000000180016924     MSVCRT:atonexit.obj
